Archive member included to satisfy reference by file (symbol)

C:/Program Files/SEGGER/SEGGER Embedded Studio for ARM 5.20a/lib/libm_v7em_fpv4_sp_d16_hard_t_le_eabi.a(libm_asm.o)
                              Output/Release/Obj/saadc_pca10056/main.o (__aeabi_dsub)
C:/Program Files/SEGGER/SEGGER Embedded Studio for ARM 5.20a/lib/libc_v7em_fpv4_sp_d16_hard_t_le_eabi.a(libc2.o)
                              Output/Release/Obj/saadc_pca10056/nrf_log_str_formatter.o (isprint)
C:/Program Files/SEGGER/SEGGER Embedded Studio for ARM 5.20a/lib/libc_v7em_fpv4_sp_d16_hard_t_le_eabi.a(libc2_asm.o)
                              Output/Release/Obj/saadc_pca10056/nrf_log_frontend.o (memcpy)
C:/Program Files/SEGGER/SEGGER Embedded Studio for ARM 5.20a/lib/libc_v7em_fpv4_sp_d16_hard_t_le_eabi.a(libvfprintf.o)
                              (__vfprintf_short_float_long)
C:/Program Files/SEGGER/SEGGER Embedded Studio for ARM 5.20a/lib/libc_v7em_fpv4_sp_d16_hard_t_le_eabi.a(libvfscanf.o)
                              (__vfscanf_long)
C:/Program Files/SEGGER/SEGGER Embedded Studio for ARM 5.20a/lib/libc_v7em_fpv4_sp_d16_hard_t_le_eabi.a(libc.o)
                              C:/Program Files/SEGGER/SEGGER Embedded Studio for ARM 5.20a/lib/libc_v7em_fpv4_sp_d16_hard_t_le_eabi.a(libc2.o) (__heap_lock)
C:/Program Files/SEGGER/SEGGER Embedded Studio for ARM 5.20a/lib/libc_v7em_fpv4_sp_d16_hard_t_le_eabi.a(libc_asm.o)
                              C:/Program Files/SEGGER/SEGGER Embedded Studio for ARM 5.20a/lib/libc_v7em_fpv4_sp_d16_hard_t_le_eabi.a(libc2.o) (__aeabi_uldivmod)
C:/Program Files/SEGGER/SEGGER Embedded Studio for ARM 5.20a/lib/libdebugio_v7em_fpv4_sp_d16_hard_t_le_eabi.a(libdebugio.o)
                              Output/Release/Obj/saadc_pca10056/thumb_crt0.o (debug_fopen)
C:/Program Files/SEGGER/SEGGER Embedded Studio for ARM 5.20a/lib/libdebugio_v7em_fpv4_sp_d16_hard_t_le_eabi.a(do_nv_debug_operation.o)
                              C:/Program Files/SEGGER/SEGGER Embedded Studio for ARM 5.20a/lib/libdebugio_v7em_fpv4_sp_d16_hard_t_le_eabi.a(libdebugio.o) (__do_nvdebug_operation)
C:/Program Files/SEGGER/SEGGER Embedded Studio for ARM 5.20a/lib/libdebugio_v7em_fpv4_sp_d16_hard_t_le_eabi.a(mempoll_debug_operations.o)
                              (__do_debug_operation_mempoll)
C:/Program Files/SEGGER/SEGGER Embedded Studio for ARM 5.20a/lib/libm_v7em_fpv4_sp_d16_hard_t_le_eabi.a(libm2.o)
                              C:/Program Files/SEGGER/SEGGER Embedded Studio for ARM 5.20a/lib/libc_v7em_fpv4_sp_d16_hard_t_le_eabi.a(libvfprintf.o) (frexp)

Discarded input sections

 .text          0x0000000000000000        0x0 Output/Release/Obj/saadc_pca10056/thumb_crt0.o
 .data          0x0000000000000000        0x0 Output/Release/Obj/saadc_pca10056/thumb_crt0.o
 .bss           0x0000000000000000        0x0 Output/Release/Obj/saadc_pca10056/thumb_crt0.o
 .text.abort    0x0000000000000000        0x2 Output/Release/Obj/saadc_pca10056/thumb_crt0.o
 .text.__assert
                0x0000000000000000        0x2 Output/Release/Obj/saadc_pca10056/thumb_crt0.o
 .text.__assert_func
                0x0000000000000000        0x2 Output/Release/Obj/saadc_pca10056/thumb_crt0.o
 .text.__aeabi_assert
                0x0000000000000000        0x2 Output/Release/Obj/saadc_pca10056/thumb_crt0.o
 .text.__sync_synchronize
                0x0000000000000000        0x2 Output/Release/Obj/saadc_pca10056/thumb_crt0.o
 .text.__getchar
                0x0000000000000000        0x4 Output/Release/Obj/saadc_pca10056/thumb_crt0.o
 .text.__putchar
                0x0000000000000000        0x4 Output/Release/Obj/saadc_pca10056/thumb_crt0.o
 .text.__open   0x0000000000000000        0x4 Output/Release/Obj/saadc_pca10056/thumb_crt0.o
 .text.__close  0x0000000000000000        0x4 Output/Release/Obj/saadc_pca10056/thumb_crt0.o
 .text.__write  0x0000000000000000        0xa Output/Release/Obj/saadc_pca10056/thumb_crt0.o
 .text.__read   0x0000000000000000        0xa Output/Release/Obj/saadc_pca10056/thumb_crt0.o
 .text.__seek   0x0000000000000000       0x1a Output/Release/Obj/saadc_pca10056/thumb_crt0.o
 .text.remove   0x0000000000000000        0x4 Output/Release/Obj/saadc_pca10056/thumb_crt0.o
 .text.rename   0x0000000000000000        0x4 Output/Release/Obj/saadc_pca10056/thumb_crt0.o
 .bss.__user_locale_name_buffer
                0x0000000000000000        0x4 Output/Release/Obj/saadc_pca10056/thumb_crt0.o
 .stack         0x0000000000000000        0x0 Output/Release/Obj/saadc_pca10056/thumb_crt0.o
 .stack_process
                0x0000000000000000        0x0 Output/Release/Obj/saadc_pca10056/thumb_crt0.o
 .heap          0x0000000000000000        0x0 Output/Release/Obj/saadc_pca10056/thumb_crt0.o
 .group         0x0000000000000000        0xc Output/Release/Obj/saadc_pca10056/nrf_log_backend_rtt.o
 .group         0x0000000000000000        0xc Output/Release/Obj/saadc_pca10056/nrf_log_backend_rtt.o
[...]
Memory Configuration

Name             Origin             Length             Attributes
UNPLACED_SECTIONS 0x0000000100000000 0x0000000000000000 xw
RAM              0x0000000020000000 0x0000000000040000 xw
FLASH            0x0000000000000000 0x0000000000100000 xw
*default*        0x0000000000000000 0xffffffffffffffff

Linker script and memory map

                0x0000000000000000                __do_debug_operation = __do_debug_operation_mempoll
                0x0000000000003510                __vfprintf = __vfprintf_short_float_long
                0x0000000000000000                __vfscanf = __vfscanf_long
                0x0000000020000000                __RAM_segment_start__ = 0x20000000
                0x0000000020040000                __RAM_segment_end__ = 0x20040000
                0x0000000000040000                __RAM_segment_size__ = 0x40000
                0x0000000000000000                __FLASH_segment_start__ = 0x0
                0x0000000000100000                __FLASH_segment_end__ = 0x100000
                0x0000000000100000                __FLASH_segment_size__ = 0x100000
                0x0000000000002000                __HEAPSIZE__ = 0x2000
                0x0000000000000000                __STACKSIZE_PROCESS__ = 0x0
                0x0000000000002000                __STACKSIZE__ = 0x2000
                0x0000000020000000                __vectors_ram_load_start__ = 0x20000000

.vectors_ram    0x0000000020000000        0x0
                0x0000000020000000                __vectors_ram_start__ = .
                0x0000000020000000                __app_ram_start__ = __vectors_ram_start__
 *(.vectors_ram .vectors_ram.*)
                0x0000000020000000                __vectors_ram_end__ = (__vectors_ram_start__ + SIZEOF (.vectors_ram))
                0x0000000000000000                __vectors_ram_size__ = SIZEOF (.vectors_ram)
                0x0000000020000000                __vectors_ram_load_end__ = __vectors_ram_end__
                0x0000000000000001                . = ASSERT (((__vectors_ram_start__ == __vectors_ram_end__) || ((__vectors_ram_end__ - __RAM_segment_start__) <= __RAM_segment_size__)), error: .vectors_ram is too large to fit in RAM memory segment)
                0x0000000020000000                __nrf_sections_run_load_start__ = ALIGN (__vectors_ram_end__, 0x4)

.nrf_sections_run
                0x0000000020000000        0x0
                0x0000000020000000                __nrf_sections_run_start__ = .
                0x0000000020000000                __start_nrf_sections_run = __nrf_sections_run_start__
 *(.nrf_sections_run .nrf_sections_run.*)
                0x0000000020000000                __nrf_sections_run_end__ = (__nrf_sections_run_start__ + SIZEOF (.nrf_sections_run))
                0x0000000000000000                __nrf_sections_run_size__ = SIZEOF (.nrf_sections_run)
                0x0000000020000000                __nrf_sections_run_load_end__ = __nrf_sections_run_end__
                0x0000000000000001                . = ASSERT (((__nrf_sections_run_start__ == __nrf_sections_run_end__) || ((__nrf_sections_run_end__ - __RAM_segment_start__) <= __RAM_segment_size__)), error: .nrf_sections_run is too large to fit in RAM memory segment)
                0x0000000000000000                __vectors_load_start__ = 0x0

.vectors        0x0000000000000000      0x200
                0x0000000000000000                __vectors_start__ = .
 *(.vectors .vectors.*)
 .vectors       0x0000000000000000      0x200 Output/Release/Obj/saadc_pca10056/ses_startup_nrf52840.o
                0x0000000000000000                _vectors
                0x0000000000000200                __vectors_end__ = (__vectors_start__ + SIZEOF (.vectors))
                0x0000000000000200                __vectors_size__ = SIZEOF (.vectors)
                0x0000000000000200                __vectors_load_end__ = __vectors_end__
                0x0000000000000001                . = ASSERT (((__vectors_start__ == __vectors_end__) || ((__vectors_end__ - __FLASH_segment_start__) <= __FLASH_segment_size__)), error: .vectors is too large to fit in FLASH memory segment)
                0x0000000000000200                __init_load_start__ = ALIGN (__vectors_end__, 0x4)

.init           0x0000000000000200      0x1d4
                0x0000000000000200                __init_start__ = .
 *(.init .init.*)
 .init          0x0000000000000200      0x15c Output/Release/Obj/saadc_pca10056/thumb_crt0.o
                0x0000000000000200                _start
                0x00000000000002b4                exit
 .init          0x000000000000035c       0x18 Output/Release/Obj/saadc_pca10056/ses_startup_nrf52840.o
                0x000000000000035c                NMI_Handler
                0x000000000000035e                HardFault_Handler
                0x0000000000000360                MemoryManagement_Handler
                0x0000000000000362                BusFault_Handler
                0x0000000000000364                UsageFault_Handler
                0x0000000000000366                SVC_Handler
                0x0000000000000368                DebugMon_Handler
                0x000000000000036a                PendSV_Handler
                0x000000000000036c                SysTick_Handler
                0x000000000000036e                PWM1_IRQHandler
                0x000000000000036e                GPIOTE_IRQHandler
                0x000000000000036e                RTC0_IRQHandler
                0x000000000000036e                POWER_CLOCK_IRQHandler
                0x000000000000036e                RADIO_IRQHandler
                0x000000000000036e                SWI2_EGU2_IRQHandler
                0x000000000000036e                TEMP_IRQHandler
                0x000000000000036e                QDEC_IRQHandler
                0x000000000000036e                TIMER3_IRQHandler
                0x000000000000036e                PWM3_IRQHandler
                0x000000000000036e                FPU_IRQHandler
                0x000000000000036e                USBD_IRQHandler
                0x000000000000036e                SPIM0_SPIS0_TWIM0_TWIS0_SPI0_TWI0_IRQHandler
                0x000000000000036e                QSPI_IRQHandler
                0x000000000000036e                PDM_IRQHandler
                0x000000000000036e                CRYPTOCELL_IRQHandler
                0x000000000000036e                I2S_IRQHandler
                0x000000000000036e                SWI4_EGU4_IRQHandler
                0x000000000000036e                UARTE1_IRQHandler
                0x000000000000036e                Dummy_Handler
                0x000000000000036e                TIMER1_IRQHandler
                0x000000000000036e                SPIM3_IRQHandler
                0x000000000000036e                PWM2_IRQHandler
                0x000000000000036e                ECB_IRQHandler
                0x000000000000036e                SPIM1_SPIS1_TWIM1_TWIS1_SPI1_TWI1_IRQHandler
                0x000000000000036e                CCM_AAR_IRQHandler
                0x000000000000036e                WDT_IRQHandler
                0x000000000000036e                SWI0_EGU0_IRQHandler
                0x000000000000036e                SWI5_EGU5_IRQHandler
                0x000000000000036e                RNG_IRQHandler
                0x000000000000036e                RTC2_IRQHandler
                0x000000000000036e                PWM0_IRQHandler
                0x000000000000036e                SWI3_EGU3_IRQHandler
                0x000000000000036e                RTC1_IRQHandler
                0x000000000000036e                SWI1_EGU1_IRQHandler
                0x000000000000036e                SPIM2_SPIS2_SPI2_IRQHandler
                0x000000000000036e                NFCT_IRQHandler
                0x000000000000036e                TIMER4_IRQHandler
                0x000000000000036e                MWU_IRQHandler
                0x000000000000036e                TIMER2_IRQHandler
                0x000000000000036e                COMP_LPCOMP_IRQHandler
                0x0000000000000370                nRFInitialize
 .init          0x0000000000000374       0x60 Output/Release/Obj/saadc_pca10056/ses_startup_nrf_common.o
                0x0000000000000374                Reset_Handler
                0x000000000000039c                InitializeUserMemorySections
                0x00000000000003d4                __init_end__ = (__init_start__ + SIZEOF (.init))
                0x00000000000001d4                __init_size__ = SIZEOF (.init)
                0x00000000000003d4                __init_load_end__ = __init_end__
                0x0000000000000001                . = ASSERT (((__init_start__ == __init_end__) || ((__init_end__ - __FLASH_segment_start__) <= __FLASH_segment_size__)), error: .init is too large to fit in FLASH memory segment)
                0x00000000000003d4                __init_rodata_load_start__ = ALIGN (__init_end__, 0x4)

.init_rodata    0x00000000000003d4        0x0
                0x00000000000003d4                __init_rodata_start__ = .
 *(.init_rodata .init_rodata.*)
                0x00000000000003d4                __init_rodata_end__ = (__init_rodata_start__ + SIZEOF (.init_rodata))
                0x0000000000000000                __init_rodata_size__ = SIZEOF (.init_rodata)
                0x00000000000003d4                __init_rodata_load_end__ = __init_rodata_end__
                0x0000000000000001                . = ASSERT (((__init_rodata_start__ == __init_rodata_end__) || ((__init_rodata_end__ - __FLASH_segment_start__) <= __FLASH_segment_size__)), error: .init_rodata is too large to fit in FLASH memory segment)
                0x00000000000003d4                __text_load_start__ = ALIGN (__init_rodata_end__, 0x4)

.text           0x00000000000003d4     0x405c
                0x00000000000003d4                __text_start__ = .
 *(.text .text.* .glue_7t .glue_7 .gnu.linkonce.t.* .gcc_except_table .ARM.extab* .gnu.linkonce.armextab.*)
 .glue_7        0x00000000000003d4        0x0 linker stubs
 .glue_7t       0x00000000000003d4        0x0 linker stubs
 .text.__aeabi_read_tp
                0x00000000000003d4        0x8 Output/Release/Obj/saadc_pca10056/thumb_crt0.o
                0x00000000000003d4                __aeabi_read_tp
 .text.nrf_log_backend_serial_put
                0x00000000000003dc       0xc2 Output/Release/Obj/saadc_pca10056/nrf_log_backend_serial.o
                0x00000000000003dc                nrf_log_backend_serial_put
 *fill*         0x000000000000049e        0x2 
 .text.uart_evt_handler
                0x00000000000004a0        0xc Output/Release/Obj/saadc_pca10056/nrf_log_backend_uart.o
 .text.nrf_log_backend_uart_flush
                0x00000000000004ac        0x2 Output/Release/Obj/saadc_pca10056/nrf_log_backend_uart.o
 *fill*         0x00000000000004ae        0x2 
 .text.uart_init
                0x00000000000004b0       0x5c Output/Release/Obj/saadc_pca10056/nrf_log_backend_uart.o
 .text.nrf_log_backend_uart_put
                0x000000000000050c       0x1c Output/Release/Obj/saadc_pca10056/nrf_log_backend_uart.o
 .text.serial_tx
                0x0000000000000528       0x48 Output/Release/Obj/saadc_pca10056/nrf_log_backend_uart.o
 .text.nrf_log_backend_uart_panic_set
                0x0000000000000570       0x2c Output/Release/Obj/saadc_pca10056/nrf_log_backend_uart.o
 .text.nrf_log_backend_uart_init
                0x000000000000059c        0x6 Output/Release/Obj/saadc_pca10056/nrf_log_backend_uart.o
                0x000000000000059c                nrf_log_backend_uart_init
 *fill*         0x00000000000005a2        0x2 
 .text.nrf_log_default_backends_init
                0x00000000000005a4       0x20 Output/Release/Obj/saadc_pca10056/nrf_log_default_backends.o
                0x00000000000005a4                nrf_log_default_backends_init
 .text.invalid_packets_omit
                0x00000000000005c4       0x3a Output/Release/Obj/saadc_pca10056/nrf_log_frontend.o
 *fill*         0x00000000000005fe        0x2 
 .text.buf_prealloc
                0x0000000000000600      0x130 Output/Release/Obj/saadc_pca10056/nrf_log_frontend.o
 .text.nrf_log_init
                0x0000000000000730       0x3c Output/Release/Obj/saadc_pca10056/nrf_log_frontend.o
                0x0000000000000730                nrf_log_init
 .text.nrf_log_module_name_get
                0x000000000000076c       0x38 Output/Release/Obj/saadc_pca10056/nrf_log_frontend.o
                0x000000000000076c                nrf_log_module_name_get
 .text.nrf_log_color_id_get
                0x00000000000007a4       0x2c Output/Release/Obj/saadc_pca10056/nrf_log_frontend.o
                0x00000000000007a4                nrf_log_color_id_get
 .text.buffer_is_empty
                0x00000000000007d0       0x14 Output/Release/Obj/saadc_pca10056/nrf_log_frontend.o
                0x00000000000007d0                buffer_is_empty
 .text.nrf_log_frontend_dequeue
                0x00000000000007e4      0x218 Output/Release/Obj/saadc_pca10056/nrf_log_frontend.o
                0x00000000000007e4                nrf_log_frontend_dequeue
 .text.std_n    0x00000000000009fc       0x98 Output/Release/Obj/saadc_pca10056/nrf_log_frontend.o
 .text.nrf_log_frontend_std_0
                0x0000000000000a94        0x8 Output/Release/Obj/saadc_pca10056/nrf_log_frontend.o
                0x0000000000000a94                nrf_log_frontend_std_0
 .text.nrf_log_backend_add
                0x0000000000000a9c       0x44 Output/Release/Obj/saadc_pca10056/nrf_log_frontend.o
                0x0000000000000a9c                nrf_log_backend_add
 .text.nrf_log_panic
                0x0000000000000ae0       0x2c Output/Release/Obj/saadc_pca10056/nrf_log_frontend.o
                0x0000000000000ae0                nrf_log_panic
 .text.postfix_process
                0x0000000000000b0c       0x44 Output/Release/Obj/saadc_pca10056/nrf_log_str_formatter.o
 .text.prefix_process
                0x0000000000000b50       0x7c Output/Release/Obj/saadc_pca10056/nrf_log_str_formatter.o
 .text.nrf_log_std_entry_process
                0x0000000000000bcc       0xc8 Output/Release/Obj/saadc_pca10056/nrf_log_str_formatter.o
                0x0000000000000bcc                nrf_log_std_entry_process
 .text.nrf_log_hexdump_entry_process
                0x0000000000000c94       0xb8 Output/Release/Obj/saadc_pca10056/nrf_log_str_formatter.o
                0x0000000000000c94                nrf_log_hexdump_entry_process
 .text.app_error_handler_bare
                0x0000000000000d4c       0x1a Output/Release/Obj/saadc_pca10056/app_error.o
                0x0000000000000d4c                app_error_handler_bare
 *fill*         0x0000000000000d66        0x2 
 .text.app_error_fault_handler
                0x0000000000000d68       0x70 Output/Release/Obj/saadc_pca10056/app_error_weak.o
                0x0000000000000d68                app_error_fault_handler
 .text.app_util_disable_irq
                0x0000000000000dd8       0x10 Output/Release/Obj/saadc_pca10056/app_util_platform.o
                0x0000000000000dd8                app_util_disable_irq
 .text.app_util_enable_irq
                0x0000000000000de8       0x14 Output/Release/Obj/saadc_pca10056/app_util_platform.o
                0x0000000000000de8                app_util_enable_irq
 .text.app_util_critical_region_enter
                0x0000000000000dfc        0x4 Output/Release/Obj/saadc_pca10056/app_util_platform.o
                0x0000000000000dfc                app_util_critical_region_enter
 .text.app_util_critical_region_exit
                0x0000000000000e00        0x4 Output/Release/Obj/saadc_pca10056/app_util_platform.o
                0x0000000000000e00                app_util_critical_region_exit
 .text.nrf_atomic_u32_fetch_store
                0x0000000000000e04       0x16 Output/Release/Obj/saadc_pca10056/nrf_atomic.o
                0x0000000000000e04                nrf_atomic_u32_fetch_store
 .text.nrf_atomic_u32_or
                0x0000000000000e1a       0x18 Output/Release/Obj/saadc_pca10056/nrf_atomic.o
                0x0000000000000e1a                nrf_atomic_u32_or
 .text.nrf_atomic_u32_fetch_and
                0x0000000000000e32       0x18 Output/Release/Obj/saadc_pca10056/nrf_atomic.o
                0x0000000000000e32                nrf_atomic_u32_fetch_and
 .text.nrf_atomic_u32_add
                0x0000000000000e4a       0x18 Output/Release/Obj/saadc_pca10056/nrf_atomic.o
                0x0000000000000e4a                nrf_atomic_u32_add
 .text.nrf_atomic_u32_sub
                0x0000000000000e62       0x18 Output/Release/Obj/saadc_pca10056/nrf_atomic.o
                0x0000000000000e62                nrf_atomic_u32_sub
 .text.nrf_atomic_flag_set
                0x0000000000000e7a        0x6 Output/Release/Obj/saadc_pca10056/nrf_atomic.o
                0x0000000000000e7a                nrf_atomic_flag_set
 .text.nrf_atomic_flag_clear_fetch
                0x0000000000000e80        0x6 Output/Release/Obj/saadc_pca10056/nrf_atomic.o
                0x0000000000000e80                nrf_atomic_flag_clear_fetch
 .text.nrf_balloc_init
                0x0000000000000e86       0x2e Output/Release/Obj/saadc_pca10056/nrf_balloc.o
                0x0000000000000e86                nrf_balloc_init
 .text.nrf_balloc_alloc
                0x0000000000000eb4       0x40 Output/Release/Obj/saadc_pca10056/nrf_balloc.o
                0x0000000000000eb4                nrf_balloc_alloc
 .text.nrf_balloc_free
                0x0000000000000ef4       0x2a Output/Release/Obj/saadc_pca10056/nrf_balloc.o
                0x0000000000000ef4                nrf_balloc_free
 .text.nrf_fprintf_buffer_flush
                0x0000000000000f1e       0x16 Output/Release/Obj/saadc_pca10056/nrf_fprintf.o
                0x0000000000000f1e                nrf_fprintf_buffer_flush
 .text.nrf_fprintf
                0x0000000000000f34       0x1c Output/Release/Obj/saadc_pca10056/nrf_fprintf.o
                0x0000000000000f34                nrf_fprintf
 .text.buffer_add
                0x0000000000000f50       0x2e Output/Release/Obj/saadc_pca10056/nrf_fprintf_format.o
 *fill*         0x0000000000000f7e        0x2 
 .text.unsigned_print
                0x0000000000000f80       0xb4 Output/Release/Obj/saadc_pca10056/nrf_fprintf_format.o
 .text.nrf_fprintf_fmt
                0x0000000000001034      0x29c Output/Release/Obj/saadc_pca10056/nrf_fprintf_format.o
                0x0000000000001034                nrf_fprintf_fmt
 .text.memobj_op
                0x00000000000012d0       0x86 Output/Release/Obj/saadc_pca10056/nrf_memobj.o
 .text.nrf_memobj_pool_init
                0x0000000000001356        0x4 Output/Release/Obj/saadc_pca10056/nrf_memobj.o
                0x0000000000001356                nrf_memobj_pool_init
 .text.nrf_memobj_free
                0x000000000000135a       0x2c Output/Release/Obj/saadc_pca10056/nrf_memobj.o
                0x000000000000135a                nrf_memobj_free
 .text.nrf_memobj_alloc
                0x0000000000001386       0x5e Output/Release/Obj/saadc_pca10056/nrf_memobj.o
                0x0000000000001386                nrf_memobj_alloc
 .text.nrf_memobj_get
                0x00000000000013e4        0x8 Output/Release/Obj/saadc_pca10056/nrf_memobj.o
                0x00000000000013e4                nrf_memobj_get
 .text.nrf_memobj_put
                0x00000000000013ec       0x1e Output/Release/Obj/saadc_pca10056/nrf_memobj.o
                0x00000000000013ec                nrf_memobj_put
 .text.nrf_memobj_write
                0x000000000000140a       0x14 Output/Release/Obj/saadc_pca10056/nrf_memobj.o
                0x000000000000140a                nrf_memobj_write
 .text.nrf_memobj_read
                0x000000000000141e       0x14 Output/Release/Obj/saadc_pca10056/nrf_memobj.o
                0x000000000000141e                nrf_memobj_read
 *fill*         0x0000000000001432        0x2 
 .text.nrf_pwr_mgmt_init
                0x0000000000001434       0x2c Output/Release/Obj/saadc_pca10056/nrf_pwr_mgmt.o
                0x0000000000001434                nrf_pwr_mgmt_init
 .text.nrf_pwr_mgmt_run
                0x0000000000001460       0x34 Output/Release/Obj/saadc_pca10056/nrf_pwr_mgmt.o
                0x0000000000001460                nrf_pwr_mgmt_run
 .text.nrf_ringbuf_init
                0x0000000000001494       0x12 Output/Release/Obj/saadc_pca10056/nrf_ringbuf.o
                0x0000000000001494                nrf_ringbuf_init
 .text.nrf_section_iter_init
                0x00000000000014a6       0x14 Output/Release/Obj/saadc_pca10056/nrf_section_iter.o
                0x00000000000014a6                nrf_section_iter_init
 *fill*         0x00000000000014ba        0x2 
 .text.nrf_drv_ppi_init
                0x00000000000014bc       0x14 Output/Release/Obj/saadc_pca10056/nrf_drv_ppi.o
                0x00000000000014bc                nrf_drv_ppi_init
 .text.uarte_evt_handler
                0x00000000000014d0       0x34 Output/Release/Obj/saadc_pca10056/nrf_drv_uart.o
 .text.uart_evt_handler
                0x0000000000001504       0x34 Output/Release/Obj/saadc_pca10056/nrf_drv_uart.o
 .text.nrf_drv_uart_init
                0x0000000000001538       0x7c Output/Release/Obj/saadc_pca10056/nrf_drv_uart.o
                0x0000000000001538                nrf_drv_uart_init
 .text.nrfx_ppi_channel_alloc
                0x00000000000015b4       0x5c Output/Release/Obj/saadc_pca10056/nrfx_ppi.o
                0x00000000000015b4                nrfx_ppi_channel_alloc
 .text.nrfx_ppi_channel_assign
                0x0000000000001610       0x40 Output/Release/Obj/saadc_pca10056/nrfx_ppi.o
                0x0000000000001610                nrfx_ppi_channel_assign
 .text.nrfx_ppi_channel_enable
                0x0000000000001650       0x2c Output/Release/Obj/saadc_pca10056/nrfx_ppi.o
                0x0000000000001650                nrfx_ppi_channel_enable
 .text.UARTE0_UART0_IRQHandler
                0x000000000000167c        0xc Output/Release/Obj/saadc_pca10056/nrfx_prs.o
                0x000000000000167c                UARTE0_UART0_IRQHandler
 .text.nrfx_prs_acquire
                0x0000000000001688       0x38 Output/Release/Obj/saadc_pca10056/nrfx_prs.o
                0x0000000000001688                nrfx_prs_acquire
 .text.nrfx_prs_release
                0x00000000000016c0       0x18 Output/Release/Obj/saadc_pca10056/nrfx_prs.o
                0x00000000000016c0                nrfx_prs_release
 .text.nrf_saadc_event_clear
                0x00000000000016d8       0x18 Output/Release/Obj/saadc_pca10056/nrfx_saadc.o
 .text.SAADC_IRQHandler
                0x00000000000016f0      0x160 Output/Release/Obj/saadc_pca10056/nrfx_saadc.o
                0x00000000000016f0                SAADC_IRQHandler
 .text.nrfx_saadc_init
                0x0000000000001850       0x88 Output/Release/Obj/saadc_pca10056/nrfx_saadc.o
                0x0000000000001850                nrfx_saadc_init
 .text.nrfx_saadc_channel_init
                0x00000000000018d8       0x90 Output/Release/Obj/saadc_pca10056/nrfx_saadc.o
                0x00000000000018d8                nrfx_saadc_channel_init
 .text.nrfx_saadc_sample_task_get
                0x0000000000001968       0x1c Output/Release/Obj/saadc_pca10056/nrfx_saadc.o
                0x0000000000001968                nrfx_saadc_sample_task_get
 .text.nrfx_saadc_buffer_convert
                0x0000000000001984       0xa8 Output/Release/Obj/saadc_pca10056/nrfx_saadc.o
                0x0000000000001984                nrfx_saadc_buffer_convert
 .text.nrfx_timer_init
                0x0000000000001a2c       0xd0 Output/Release/Obj/saadc_pca10056/nrfx_timer.o
                0x0000000000001a2c                nrfx_timer_init
 .text.nrfx_timer_enable
                0x0000000000001afc       0x1c Output/Release/Obj/saadc_pca10056/nrfx_timer.o
                0x0000000000001afc                nrfx_timer_enable
 .text.nrfx_timer_compare
                0x0000000000001b18       0x32 Output/Release/Obj/saadc_pca10056/nrfx_timer.o
                0x0000000000001b18                nrfx_timer_compare
 .text.nrfx_timer_extended_compare
                0x0000000000001b4a       0x2a Output/Release/Obj/saadc_pca10056/nrfx_timer.o
                0x0000000000001b4a                nrfx_timer_extended_compare
 .text.TIMER0_IRQHandler
                0x0000000000001b74       0x54 Output/Release/Obj/saadc_pca10056/nrfx_timer.o
                0x0000000000001b74                TIMER0_IRQHandler
 .text.nrf_uart_event_clear
                0x0000000000001bc8       0x10 Output/Release/Obj/saadc_pca10056/nrfx_uart.o
 .text.tx_byte  0x0000000000001bd8       0x1e Output/Release/Obj/saadc_pca10056/nrfx_uart.o
 .text.rx_byte  0x0000000000001bf6       0x2c Output/Release/Obj/saadc_pca10056/nrfx_uart.o
 *fill*         0x0000000000001c22        0x2 
 .text.rx_done_event.constprop.0
                0x0000000000001c24       0x20 Output/Release/Obj/saadc_pca10056/nrfx_uart.o
 .text.nrfx_uart_0_irq_handler
                0x0000000000001c44      0x138 Output/Release/Obj/saadc_pca10056/nrfx_uart.o
                0x0000000000001c44                nrfx_uart_0_irq_handler
 .text.nrf_gpio_cfg_default
                0x0000000000001d7c       0x20 Output/Release/Obj/saadc_pca10056/nrfx_uart.o
 .text.nrfx_uart_init
                0x0000000000001d9c      0x1ac Output/Release/Obj/saadc_pca10056/nrfx_uart.o
                0x0000000000001d9c                nrfx_uart_init
 .text.nrfx_uart_uninit
                0x0000000000001f48       0xa8 Output/Release/Obj/saadc_pca10056/nrfx_uart.o
                0x0000000000001f48                nrfx_uart_uninit
 .text.nrfx_uart_tx
                0x0000000000001ff0       0x8c Output/Release/Obj/saadc_pca10056/nrfx_uart.o
                0x0000000000001ff0                nrfx_uart_tx
 .text.nrf_uarte_event_clear
                0x000000000000207c       0x10 Output/Release/Obj/saadc_pca10056/nrfx_uarte.o
 .text.rx_done_event.constprop.0
                0x000000000000208c       0x20 Output/Release/Obj/saadc_pca10056/nrfx_uarte.o
 .text.nrfx_uarte_0_irq_handler
                0x00000000000020ac       0xe4 Output/Release/Obj/saadc_pca10056/nrfx_uarte.o
                0x00000000000020ac                nrfx_uarte_0_irq_handler
 .text.nrf_gpio_cfg_default
                0x0000000000002190       0x20 Output/Release/Obj/saadc_pca10056/nrfx_uarte.o
 .text.nrfx_uarte_init
                0x00000000000021b0      0x1bc Output/Release/Obj/saadc_pca10056/nrfx_uarte.o
                0x00000000000021b0                nrfx_uarte_init
 .text.nrfx_uarte_uninit
                0x000000000000236c       0xa8 Output/Release/Obj/saadc_pca10056/nrfx_uarte.o
                0x000000000000236c                nrfx_uarte_uninit
 .text.nrfx_uarte_tx
                0x0000000000002414       0x84 Output/Release/Obj/saadc_pca10056/nrfx_uarte.o
                0x0000000000002414                nrfx_uarte_tx
 .text.timer_handler
                0x0000000000002498        0x2 Output/Release/Obj/saadc_pca10056/main.o
                0x0000000000002498                timer_handler
 *fill*         0x000000000000249a        0x6 
 .text.saadc_callback
                0x00000000000024a0      0x144 Output/Release/Obj/saadc_pca10056/main.o
                0x00000000000024a0                saadc_callback
 .text.saadc_sampling_event_init
                0x00000000000025e4       0x88 Output/Release/Obj/saadc_pca10056/main.o
                0x00000000000025e4                saadc_sampling_event_init
 .text.saadc_sampling_event_enable
                0x000000000000266c       0x1c Output/Release/Obj/saadc_pca10056/main.o
                0x000000000000266c                saadc_sampling_event_enable
 .text.saadc_init
                0x0000000000002688       0x80 Output/Release/Obj/saadc_pca10056/main.o
                0x0000000000002688                saadc_init
 .text.startup.main
                0x0000000000002708       0x64 Output/Release/Obj/saadc_pca10056/main.o
                0x0000000000002708                main
 .text._GetAvailWriteSpace
                0x000000000000276c       0x1c Output/Release/Obj/saadc_pca10056/SEGGER_RTT.o
 .text._WriteNoCheck
                0x0000000000002788       0x38 Output/Release/Obj/saadc_pca10056/SEGGER_RTT.o
 .text._WriteBlocking
                0x00000000000027c0       0x52 Output/Release/Obj/saadc_pca10056/SEGGER_RTT.o
 *fill*         0x0000000000002812        0x2 
 .text._DoInit  0x0000000000002814       0x60 Output/Release/Obj/saadc_pca10056/SEGGER_RTT.o
 .text.SEGGER_RTT_WriteNoLock
                0x0000000000002874       0x68 Output/Release/Obj/saadc_pca10056/SEGGER_RTT.o
                0x0000000000002874                SEGGER_RTT_WriteNoLock
 .text.SEGGER_RTT_Write
                0x00000000000028dc       0x34 Output/Release/Obj/saadc_pca10056/SEGGER_RTT.o
                0x00000000000028dc                SEGGER_RTT_Write
 .text.printf   0x0000000000002910       0x3a Output/Release/Obj/saadc_pca10056/SEGGER_RTT_Syscalls_SES.o
                0x0000000000002910                printf
 *fill*         0x000000000000294a        0x2 
 .text.errata_98
                0x000000000000294c       0x20 Output/Release/Obj/saadc_pca10056/system_nrf52840.o
 .text.SystemInit
                0x000000000000296c      0x1b8 Output/Release/Obj/saadc_pca10056/system_nrf52840.o
                0x000000000000296c                SystemInit
 .text.__aeabi_dadd
                0x0000000000002b24      0x244 C:/Program Files/SEGGER/SEGGER Embedded Studio for ARM 5.20a/lib/libm_v7em_fpv4_sp_d16_hard_t_le_eabi.a(libm_asm.o)
                0x0000000000002b24                __aeabi_dadd
 .text.__aeabi_dsub
                0x0000000000002d68        0x8 C:/Program Files/SEGGER/SEGGER Embedded Studio for ARM 5.20a/lib/libm_v7em_fpv4_sp_d16_hard_t_le_eabi.a(libm_asm.o)
                0x0000000000002d68                __aeabi_dsub
 .text.__aeabi_dmul
                0x0000000000002d70      0x138 C:/Program Files/SEGGER/SEGGER Embedded Studio for ARM 5.20a/lib/libm_v7em_fpv4_sp_d16_hard_t_le_eabi.a(libm_asm.o)
                0x0000000000002d70                __aeabi_dmul
 .text.__aeabi_ddiv
                0x0000000000002ea8      0x1cc C:/Program Files/SEGGER/SEGGER Embedded Studio for ARM 5.20a/lib/libm_v7em_fpv4_sp_d16_hard_t_le_eabi.a(libm_asm.o)
                0x0000000000002ea8                __aeabi_ddiv
 .text.__aeabi_i2d
                0x0000000000003074       0x28 C:/Program Files/SEGGER/SEGGER Embedded Studio for ARM 5.20a/lib/libm_v7em_fpv4_sp_d16_hard_t_le_eabi.a(libm_asm.o)
                0x0000000000003074                __aeabi_i2d
 .text.__aeabi_f2d
                0x000000000000309c       0x34 C:/Program Files/SEGGER/SEGGER Embedded Studio for ARM 5.20a/lib/libm_v7em_fpv4_sp_d16_hard_t_le_eabi.a(libm_asm.o)
                0x000000000000309c                __aeabi_f2d
 .text.__aeabi_d2f
                0x00000000000030d0       0x54 C:/Program Files/SEGGER/SEGGER Embedded Studio for ARM 5.20a/lib/libm_v7em_fpv4_sp_d16_hard_t_le_eabi.a(libm_asm.o)
                0x00000000000030d0                __aeabi_d2f
 .text.__float32_isinf
                0x0000000000003124       0x14 C:/Program Files/SEGGER/SEGGER Embedded Studio for ARM 5.20a/lib/libm_v7em_fpv4_sp_d16_hard_t_le_eabi.a(libm_asm.o)
                0x0000000000003124                __float32_isinf
 .text.__float32_isnan
                0x0000000000003138       0x14 C:/Program Files/SEGGER/SEGGER Embedded Studio for ARM 5.20a/lib/libm_v7em_fpv4_sp_d16_hard_t_le_eabi.a(libm_asm.o)
                0x0000000000003138                __float32_isnan
 .text.__float32_signbit
                0x000000000000314c        0xc C:/Program Files/SEGGER/SEGGER Embedded Studio for ARM 5.20a/lib/libm_v7em_fpv4_sp_d16_hard_t_le_eabi.a(libm_asm.o)
                0x000000000000314c                __float32_signbit
 .text.fabsf    0x0000000000003158        0x8 C:/Program Files/SEGGER/SEGGER Embedded Studio for ARM 5.20a/lib/libm_v7em_fpv4_sp_d16_hard_t_le_eabi.a(libm_asm.o)
                0x0000000000003158                fabsf
                0x0000000000003158                fabs(float)
 .text.floorf   0x0000000000003160       0x70 C:/Program Files/SEGGER/SEGGER Embedded Studio for ARM 5.20a/lib/libm_v7em_fpv4_sp_d16_hard_t_le_eabi.a(libm_asm.o)
                0x0000000000003160                floorf
                0x0000000000003160                floor(float)
 .text.frexpf   0x00000000000031d0       0x3c C:/Program Files/SEGGER/SEGGER Embedded Studio for ARM 5.20a/lib/libm_v7em_fpv4_sp_d16_hard_t_le_eabi.a(libm_asm.o)
                0x00000000000031d0                frexpf
                0x00000000000031d0                frexp(float, int*)
 .text.ldexpf   0x000000000000320c       0x48 C:/Program Files/SEGGER/SEGGER Embedded Studio for ARM 5.20a/lib/libm_v7em_fpv4_sp_d16_hard_t_le_eabi.a(libm_asm.o)
                0x000000000000320c                ldexp(float, int)
                0x000000000000320c                ldexpf
 .text.libc.__RAL_ascii_isctype
                0x0000000000003254       0x1c C:/Program Files/SEGGER/SEGGER Embedded Studio for ARM 5.20a/lib/libc_v7em_fpv4_sp_d16_hard_t_le_eabi.a(libc2.o)
 .text.libc.__RAL_ascii_toupper
                0x0000000000003270        0xc C:/Program Files/SEGGER/SEGGER Embedded Studio for ARM 5.20a/lib/libc_v7em_fpv4_sp_d16_hard_t_le_eabi.a(libc2.o)
 .text.libc.__RAL_ascii_tolower
                0x000000000000327c        0xc C:/Program Files/SEGGER/SEGGER Embedded Studio for ARM 5.20a/lib/libc_v7em_fpv4_sp_d16_hard_t_le_eabi.a(libc2.o)
 .text.libc.__RAL_ascii_iswctype
                0x0000000000003288       0x1c C:/Program Files/SEGGER/SEGGER Embedded Studio for ARM 5.20a/lib/libc_v7em_fpv4_sp_d16_hard_t_le_eabi.a(libc2.o)
 .text.libc.__RAL_ascii_towupper
                0x00000000000032a4        0xc C:/Program Files/SEGGER/SEGGER Embedded Studio for ARM 5.20a/lib/libc_v7em_fpv4_sp_d16_hard_t_le_eabi.a(libc2.o)
 .text.libc.__RAL_ascii_towlower
                0x00000000000032b0        0xc C:/Program Files/SEGGER/SEGGER Embedded Studio for ARM 5.20a/lib/libc_v7em_fpv4_sp_d16_hard_t_le_eabi.a(libc2.o)
 .text.libc.__RAL_ascii_wctomb
                0x00000000000032bc        0xe C:/Program Files/SEGGER/SEGGER Embedded Studio for ARM 5.20a/lib/libc_v7em_fpv4_sp_d16_hard_t_le_eabi.a(libc2.o)
                0x00000000000032bc                __RAL_ascii_wctomb
 .text.libc.__RAL_ascii_mbtowc
                0x00000000000032ca       0x24 C:/Program Files/SEGGER/SEGGER Embedded Studio for ARM 5.20a/lib/libc_v7em_fpv4_sp_d16_hard_t_le_eabi.a(libc2.o)
                0x00000000000032ca                __RAL_ascii_mbtowc
 *fill*         0x00000000000032ee        0x2 
 .text.libc.__RAL_pow10f
                0x00000000000032f0       0x44 C:/Program Files/SEGGER/SEGGER Embedded Studio for ARM 5.20a/lib/libc_v7em_fpv4_sp_d16_hard_t_le_eabi.a(libc2.o)
                0x00000000000032f0                __RAL_pow10f
 .text.libc.__putc
                0x0000000000003334       0x34 C:/Program Files/SEGGER/SEGGER Embedded Studio for ARM 5.20a/lib/libc_v7em_fpv4_sp_d16_hard_t_le_eabi.a(libc2.o)
                0x0000000000003334                __putc
 .text.libc.__RAL_print_padding
                0x0000000000003368       0x1c C:/Program Files/SEGGER/SEGGER Embedded Studio for ARM 5.20a/lib/libc_v7em_fpv4_sp_d16_hard_t_le_eabi.a(libc2.o)
                0x0000000000003368                __RAL_print_padding
 .text.libc.__RAL_pre_padding
                0x0000000000003384       0x1a C:/Program Files/SEGGER/SEGGER Embedded Studio for ARM 5.20a/lib/libc_v7em_fpv4_sp_d16_hard_t_le_eabi.a(libc2.o)
                0x0000000000003384                __RAL_pre_padding
 .text.libc.abs
                0x000000000000339e        0x8 C:/Program Files/SEGGER/SEGGER Embedded Studio for ARM 5.20a/lib/libc_v7em_fpv4_sp_d16_hard_t_le_eabi.a(libc2.o)
                0x000000000000339e                abs
 *fill*         0x00000000000033a6        0x2 
 .text.libc.__RAL_isctype
                0x00000000000033a8       0x14 C:/Program Files/SEGGER/SEGGER Embedded Studio for ARM 5.20a/lib/libc_v7em_fpv4_sp_d16_hard_t_le_eabi.a(libc2.o)
                0x00000000000033a8                __RAL_isctype
 .text.libc.isprint
                0x00000000000033bc        0xa C:/Program Files/SEGGER/SEGGER Embedded Studio for ARM 5.20a/lib/libc_v7em_fpv4_sp_d16_hard_t_le_eabi.a(libc2.o)
                0x00000000000033bc                isprint
 *fill*         0x00000000000033c6        0x2 
 .text.libc.__aeabi_errno_addr
                0x00000000000033c8       0x14 C:/Program Files/SEGGER/SEGGER Embedded Studio for ARM 5.20a/lib/libc_v7em_fpv4_sp_d16_hard_t_le_eabi.a(libc2.o)
                0x00000000000033c8                __aeabi_errno_addr
 .text.libc.strnlen
                0x00000000000033dc       0x22 C:/Program Files/SEGGER/SEGGER Embedded Studio for ARM 5.20a/lib/libc_v7em_fpv4_sp_d16_hard_t_le_eabi.a(libc2.o)
                0x00000000000033dc                strnlen
 .text.libc.vsnprintf
                0x00000000000033fe       0x1c C:/Program Files/SEGGER/SEGGER Embedded Studio for ARM 5.20a/lib/libc_v7em_fpv4_sp_d16_hard_t_le_eabi.a(libc2.o)
                0x00000000000033fe                vsnprintf
 .text.libc.memcpy
                0x000000000000341a       0x52 C:/Program Files/SEGGER/SEGGER Embedded Studio for ARM 5.20a/lib/libc_v7em_fpv4_sp_d16_hard_t_le_eabi.a(libc2_asm.o)
                0x000000000000341a                __aeabi_memcpy
                0x000000000000341a                memcpy
                0x0000000000003426                __aeabi_memcpy8
                0x0000000000003426                __aeabi_memcpy4
 .text.libc.strcpy
                0x000000000000346c       0x44 C:/Program Files/SEGGER/SEGGER Embedded Studio for ARM 5.20a/lib/libc_v7em_fpv4_sp_d16_hard_t_le_eabi.a(libc2_asm.o)
                0x000000000000346c                strcpy
 .text.libc.strlen
                0x00000000000034b0       0x60 C:/Program Files/SEGGER/SEGGER Embedded Studio for ARM 5.20a/lib/libc_v7em_fpv4_sp_d16_hard_t_le_eabi.a(libc2_asm.o)
                0x00000000000034b0                strlen
 .text.libc.__vfprintf_short_float_long
                0x0000000000003510      0xdcc C:/Program Files/SEGGER/SEGGER Embedded Studio for ARM 5.20a/lib/libc_v7em_fpv4_sp_d16_hard_t_le_eabi.a(libvfprintf.o)
                0x0000000000003510                __vfprintf_short_float_long
 .text.libc.modff
                0x00000000000042dc       0x58 C:/Program Files/SEGGER/SEGGER Embedded Studio for ARM 5.20a/lib/libm_v7em_fpv4_sp_d16_hard_t_le_eabi.a(libm2.o)
                0x00000000000042dc                modf(float, float*)
                0x00000000000042dc                modff
 .text.libc.fmodf
                0x0000000000004334       0xfc C:/Program Files/SEGGER/SEGGER Embedded Studio for ARM 5.20a/lib/libm_v7em_fpv4_sp_d16_hard_t_le_eabi.a(libm2.o)
                0x0000000000004334                fmod(float, float)
                0x0000000000004334                fmodf
                0x0000000000004430                __text_end__ = (__text_start__ + SIZEOF (.text))
                0x000000000000405c                __text_size__ = SIZEOF (.text)
                0x0000000000004430                __text_load_end__ = __text_end__

.vfp11_veneer   0x0000000100000000        0x0
 .vfp11_veneer  0x0000000100000000        0x0 linker stubs

.v4_bx          0x0000000100000000        0x0
 .v4_bx         0x0000000100000000        0x0 linker stubs

.iplt           0x0000000100000000        0x0
 .iplt          0x0000000100000000        0x0 Output/Release/Obj/saadc_pca10056/thumb_crt0.o
                0x0000000000000001                . = ASSERT (((__text_start__ == __text_end__) || ((__text_end__ - __FLASH_segment_start__) <= __FLASH_segment_size__)), error: .text is too large to fit in FLASH memory segment)
                0x0000000000004430                __pwr_mgmt_data_load_start__ = ALIGN (__text_end__, 0x4)

.pwr_mgmt_data  0x0000000000004430        0x0
                0x0000000000004430                __pwr_mgmt_data_start__ = .
                0x0000000000004430                __start_pwr_mgmt_data = __pwr_mgmt_data_start__
 *(SORT_BY_NAME(.pwr_mgmt_data*))
                0x0000000000004430                __pwr_mgmt_data_end__ = (__pwr_mgmt_data_start__ + SIZEOF (.pwr_mgmt_data))
                0x0000000000000000                __pwr_mgmt_data_size__ = SIZEOF (.pwr_mgmt_data)
                0x0000000000004430                __stop_pwr_mgmt_data = __pwr_mgmt_data_end__
                0x0000000000004430                __pwr_mgmt_data_load_end__ = __pwr_mgmt_data_end__
                0x0000000000000001                . = ASSERT (((__pwr_mgmt_data_start__ == __pwr_mgmt_data_end__) || ((__pwr_mgmt_data_end__ - __FLASH_segment_start__) <= __FLASH_segment_size__)), error: .pwr_mgmt_data is too large to fit in FLASH memory segment)
                0x0000000000004430                __log_const_data_load_start__ = ALIGN (__pwr_mgmt_data_end__, 0x4)

.log_const_data
                0x0000000000004430       0x40
                0x0000000000004430                __log_const_data_start__ = .
                0x0000000000004430                __start_log_const_data = __log_const_data_start__
 *(SORT_BY_NAME(.log_const_data*))
 .log_const_data_PPI
                0x0000000000004430        0x8 Output/Release/Obj/saadc_pca10056/nrfx_ppi.o
                0x0000000000004430                m_nrf_log_PPI_logs_data_const
 .log_const_data_PRS
                0x0000000000004438        0x8 Output/Release/Obj/saadc_pca10056/nrfx_prs.o
                0x0000000000004438                m_nrf_log_PRS_logs_data_const
 .log_const_data_SAADC
                0x0000000000004440        0x8 Output/Release/Obj/saadc_pca10056/nrfx_saadc.o
                0x0000000000004440                m_nrf_log_SAADC_logs_data_const
 .log_const_data_TIMER
                0x0000000000004448        0x8 Output/Release/Obj/saadc_pca10056/nrfx_timer.o
                0x0000000000004448                m_nrf_log_TIMER_logs_data_const
 .log_const_data_UART
                0x0000000000004450        0x8 Output/Release/Obj/saadc_pca10056/nrfx_uart.o
                0x0000000000004450                m_nrf_log_UART_logs_data_const
 .log_const_data_UARTE
                0x0000000000004458        0x8 Output/Release/Obj/saadc_pca10056/nrfx_uarte.o
                0x0000000000004458                m_nrf_log_UARTE_logs_data_const
 .log_const_data_app
                0x0000000000004460        0x8 Output/Release/Obj/saadc_pca10056/nrf_log_frontend.o
                0x0000000000004460                m_nrf_log_app_logs_data_const
 .log_const_data_pwr_mgmt
                0x0000000000004468        0x8 Output/Release/Obj/saadc_pca10056/nrf_pwr_mgmt.o
                0x0000000000004468                m_nrf_log_pwr_mgmt_logs_data_const
                0x0000000000004470                __log_const_data_end__ = (__log_const_data_start__ + SIZEOF (.log_const_data))
                0x0000000000000040                __log_const_data_size__ = SIZEOF (.log_const_data)
                0x0000000000004470                __stop_log_const_data = __log_const_data_end__
                0x0000000000004470                __log_const_data_load_end__ = __log_const_data_end__
                0x0000000000000001                . = ASSERT (((__log_const_data_start__ == __log_const_data_end__) || ((__log_const_data_end__ - __FLASH_segment_start__) <= __FLASH_segment_size__)), error: .log_const_data is too large to fit in FLASH memory segment)
                0x0000000000004470                __log_backends_load_start__ = ALIGN (__log_const_data_end__, 0x4)

.log_backends   0x0000000000004470       0x10
                0x0000000000004470                __log_backends_start__ = .
                0x0000000000004470                __start_log_backends = __log_backends_start__
 *(SORT_BY_NAME(.log_backends*))
 .log_backends  0x0000000000004470       0x10 Output/Release/Obj/saadc_pca10056/nrf_log_default_backends.o
                0x0000000000004480                __log_backends_end__ = (__log_backends_start__ + SIZEOF (.log_backends))
                0x0000000000000010                __log_backends_size__ = SIZEOF (.log_backends)
                0x0000000000004480                __stop_log_backends = __log_backends_end__
                0x0000000000004480                __log_backends_load_end__ = __log_backends_end__
                0x0000000000000001                . = ASSERT (((__log_backends_start__ == __log_backends_end__) || ((__log_backends_end__ - __FLASH_segment_start__) <= __FLASH_segment_size__)), error: .log_backends is too large to fit in FLASH memory segment)
                0x0000000000004480                __nrf_balloc_load_start__ = ALIGN (__log_backends_end__, 0x4)

.nrf_balloc     0x0000000000004480       0x14
                0x0000000000004480                __nrf_balloc_start__ = .
                0x0000000000004480                __start_nrf_balloc = __nrf_balloc_start__
 *(.nrf_balloc*)
 .nrf_balloc    0x0000000000004480       0x14 Output/Release/Obj/saadc_pca10056/nrf_log_frontend.o
                0x0000000000004480                log_mempool
                0x0000000000004494                __nrf_balloc_end__ = (__nrf_balloc_start__ + SIZEOF (.nrf_balloc))
                0x0000000000000014                __nrf_balloc_size__ = SIZEOF (.nrf_balloc)
                0x0000000000004494                __stop_nrf_balloc = __nrf_balloc_end__
                0x0000000000004494                __nrf_balloc_load_end__ = __nrf_balloc_end__
                0x0000000000000001                . = ASSERT (((__nrf_balloc_start__ == __nrf_balloc_end__) || ((__nrf_balloc_end__ - __FLASH_segment_start__) <= __FLASH_segment_size__)), error: .nrf_balloc is too large to fit in FLASH memory segment)
                0x0000000000004494                __nrf_sections_load_start__ = ALIGN (__nrf_balloc_end__, 0x4)

.nrf_sections   0x0000000000004494        0x0
                0x0000000000004494                __nrf_sections_start__ = .
                0x0000000000004494                __start_nrf_sections = __nrf_sections_start__
 *(.nrf_sections .nrf_sections.*)
                0x0000000000004494                __nrf_sections_end__ = (__nrf_sections_start__ + SIZEOF (.nrf_sections))
                0x0000000000000000                __nrf_sections_size__ = SIZEOF (.nrf_sections)
                0x0000000000004494                __nrf_sections_load_end__ = __nrf_sections_end__
                0x0000000000000001                . = ASSERT (((__nrf_sections_start__ == __nrf_sections_end__) || ((__nrf_sections_end__ - __FLASH_segment_start__) <= __FLASH_segment_size__)), error: .nrf_sections is too large to fit in FLASH memory segment)
                0x0000000000004494                __log_dynamic_data_load_start__ = ALIGN (__nrf_sections_end__, 0x4)

.log_dynamic_data
                0x0000000020000000        0x0 load address 0x0000000000004494
                0x0000000020000000                __log_dynamic_data_start__ = .
 *(SORT_BY_NAME(.log_dynamic_data*))
                0x0000000020000000                __log_dynamic_data_end__ = (__log_dynamic_data_start__ + SIZEOF (.log_dynamic_data))
                0x0000000000000000                __log_dynamic_data_size__ = SIZEOF (.log_dynamic_data)
                0x0000000000004494                __log_dynamic_data_load_end__ = (__log_dynamic_data_load_start__ + SIZEOF (.log_dynamic_data))
                0x0000000000000001                . = ASSERT (((__log_dynamic_data_load_start__ == __log_dynamic_data_load_end__) || ((__log_dynamic_data_load_end__ - __FLASH_segment_start__) <= __FLASH_segment_size__)), error: .log_dynamic_data is too large to fit in FLASH memory segment)

.log_dynamic_data_run
                0x0000000020000000        0x0
                0x0000000020000000                __log_dynamic_data_run_start__ = .
                0x0000000020000000                __start_log_dynamic_data = __log_dynamic_data_run_start__
                0x0000000020000000                . = MAX ((__log_dynamic_data_run_start__ + SIZEOF (.log_dynamic_data)), .)
                0x0000000020000000                __log_dynamic_data_run_end__ = (__log_dynamic_data_run_start__ + SIZEOF (.log_dynamic_data_run))
                0x0000000000000000                __log_dynamic_data_run_size__ = SIZEOF (.log_dynamic_data_run)
                0x0000000020000000                __stop_log_dynamic_data = __log_dynamic_data_run_end__
                0x0000000020000000                __log_dynamic_data_run_load_end__ = __log_dynamic_data_run_end__
                0x0000000000000001                . = ASSERT (((__log_dynamic_data_run_start__ == __log_dynamic_data_run_end__) || ((__log_dynamic_data_run_end__ - __RAM_segment_start__) <= __RAM_segment_size__)), error: .log_dynamic_data_run is too large to fit in RAM memory segment)
                0x0000000000004494                __log_filter_data_load_start__ = ALIGN ((__log_dynamic_data_load_start__ + SIZEOF (.log_dynamic_data)), 0x4)

.log_filter_data
                0x0000000020000000        0x0 load address 0x0000000000004494
                0x0000000020000000                __log_filter_data_start__ = .
 *(SORT_BY_NAME(.log_filter_data*))
                0x0000000020000000                __log_filter_data_end__ = (__log_filter_data_start__ + SIZEOF (.log_filter_data))
                0x0000000000000000                __log_filter_data_size__ = SIZEOF (.log_filter_data)
                0x0000000000004494                __log_filter_data_load_end__ = (__log_filter_data_load_start__ + SIZEOF (.log_filter_data))
                0x0000000000000001                . = ASSERT (((__log_filter_data_load_start__ == __log_filter_data_load_end__) || ((__log_filter_data_load_end__ - __FLASH_segment_start__) <= __FLASH_segment_size__)), error: .log_filter_data is too large to fit in FLASH memory segment)

.log_filter_data_run
                0x0000000020000000        0x0
                0x0000000020000000                __log_filter_data_run_start__ = .
                0x0000000020000000                __start_log_filter_data = __log_filter_data_run_start__
                0x0000000020000000                . = MAX ((__log_filter_data_run_start__ + SIZEOF (.log_filter_data)), .)
                0x0000000020000000                __log_filter_data_run_end__ = (__log_filter_data_run_start__ + SIZEOF (.log_filter_data_run))
                0x0000000000000000                __log_filter_data_run_size__ = SIZEOF (.log_filter_data_run)
                0x0000000020000000                __stop_log_filter_data = __log_filter_data_run_end__
                0x0000000020000000                __log_filter_data_run_load_end__ = __log_filter_data_run_end__
                0x0000000000000001                . = ASSERT (((__log_filter_data_run_start__ == __log_filter_data_run_end__) || ((__log_filter_data_run_end__ - __RAM_segment_start__) <= __RAM_segment_size__)), error: .log_filter_data_run is too large to fit in RAM memory segment)
                0x0000000020000000                __nrf_sections_run_end_load_start__ = ALIGN (__log_filter_data_run_end__, 0x4)

.nrf_sections_run_end
                0x0000000020000000        0x0
                0x0000000020000000                __nrf_sections_run_end_start__ = .
                0x0000000020000000                __end_nrf_sections_run = __nrf_sections_run_end_start__
 *(.nrf_sections_run_end .nrf_sections_run_end.*)
                0x0000000020000000                __nrf_sections_run_end_end__ = (__nrf_sections_run_end_start__ + SIZEOF (.nrf_sections_run_end))
                0x0000000000000000                __nrf_sections_run_end_size__ = SIZEOF (.nrf_sections_run_end)
                0x0000000020000000                __nrf_sections_run_end_load_end__ = __nrf_sections_run_end_end__
                0x0000000000000001                . = ASSERT (((__nrf_sections_run_end_start__ == __nrf_sections_run_end_end__) || ((__nrf_sections_run_end_end__ - __RAM_segment_start__) <= __RAM_segment_size__)), error: .nrf_sections_run_end is too large to fit in RAM memory segment)
                0x0000000000004494                __dtors_load_start__ = ALIGN ((__log_filter_data_load_start__ + SIZEOF (.log_filter_data)), 0x4)

.dtors          0x0000000000004494        0x0
                0x0000000000004494                __dtors_start__ = .
 *(SORT_BY_NAME(.dtors.*))
 *(.dtors)
 *(.fini_array)
 *(SORT_BY_NAME(.fini_array.*))
                0x0000000000004494                __dtors_end__ = (__dtors_start__ + SIZEOF (.dtors))
                0x0000000000000000                __dtors_size__ = SIZEOF (.dtors)
                0x0000000000004494                __dtors_load_end__ = __dtors_end__
                0x0000000000000001                . = ASSERT (((__dtors_start__ == __dtors_end__) || ((__dtors_end__ - __FLASH_segment_start__) <= __FLASH_segment_size__)), error: .dtors is too large to fit in FLASH memory segment)
                0x0000000000004494                __ctors_load_start__ = ALIGN (__dtors_end__, 0x4)

.ctors          0x0000000000004494        0x0
                0x0000000000004494                __ctors_start__ = .
 *(SORT_BY_NAME(.ctors.*))
 *(.ctors)
 *(.init_array)
 *(SORT_BY_NAME(.init_array.*))
                0x0000000000004494                __ctors_end__ = (__ctors_start__ + SIZEOF (.ctors))
                0x0000000000000000                __ctors_size__ = SIZEOF (.ctors)
                0x0000000000004494                __ctors_load_end__ = __ctors_end__
                0x0000000000000001                . = ASSERT (((__ctors_start__ == __ctors_end__) || ((__ctors_end__ - __FLASH_segment_start__) <= __FLASH_segment_size__)), error: .ctors is too large to fit in FLASH memory segment)
                0x0000000000004494                __rodata_load_start__ = ALIGN (__ctors_end__, 0x4)

.rodata         0x0000000000004494      0x584
                0x0000000000004494                __rodata_start__ = .
 *(.rodata .rodata.* .gnu.linkonce.r.*)
 .rodata        0x0000000000004494       0x20 Output/Release/Obj/saadc_pca10056/nrf_log_backend_uart.o
 .rodata.nrf_log_backend_uart_api
                0x00000000000044b4        0xc Output/Release/Obj/saadc_pca10056/nrf_log_backend_uart.o
                0x00000000000044b4                nrf_log_backend_uart_api
 .rodata.str1.1
                0x00000000000044c0       0x11 Output/Release/Obj/saadc_pca10056/nrf_log_default_backends.o
 .rodata.nrf_log_frontend_dequeue.str1.1
                0x00000000000044d1       0x11 Output/Release/Obj/saadc_pca10056/nrf_log_frontend.o
 .rodata.str1.1
                0x00000000000044e2        0x4 Output/Release/Obj/saadc_pca10056/nrf_log_frontend.o
 *fill*         0x00000000000044e6        0x2 
 .rodata.m_log_push_ringbuf
                0x00000000000044e8        0xc Output/Release/Obj/saadc_pca10056/nrf_log_frontend.o
 .rodata.postfix_process.str1.1
                0x00000000000044f4        0x8 Output/Release/Obj/saadc_pca10056/nrf_log_str_formatter.o
                                          0xb (size before relaxing)
 .rodata.prefix_process.str1.1
                0x00000000000044fc       0x2a Output/Release/Obj/saadc_pca10056/nrf_log_str_formatter.o
 .rodata.nrf_log_hexdump_entry_process.str1.1
                0x0000000000004526        0xf Output/Release/Obj/saadc_pca10056/nrf_log_str_formatter.o
                                         0x11 (size before relaxing)
 .rodata.str1.1
                0x0000000000004535       0x4b Output/Release/Obj/saadc_pca10056/nrf_log_str_formatter.o
                                         0x51 (size before relaxing)
 .rodata.m_colors
                0x0000000000004580       0x24 Output/Release/Obj/saadc_pca10056/nrf_log_str_formatter.o
 .rodata.severity_names
                0x00000000000045a4       0x14 Output/Release/Obj/saadc_pca10056/nrf_log_str_formatter.o
 .rodata.app_error_fault_handler.str1.1
                0x00000000000045b8       0x19 Output/Release/Obj/saadc_pca10056/app_error_weak.o
 .rodata._aV2C.7793
                0x00000000000045d1       0x10 Output/Release/Obj/saadc_pca10056/nrf_fprintf_format.o
 .rodata.str1.1
                0x00000000000045e1        0x9 Output/Release/Obj/saadc_pca10056/nrf_pwr_mgmt.o
 *fill*         0x00000000000045ea        0x2 
 .rodata.pwr_mgmt_data
                0x00000000000045ec        0xc Output/Release/Obj/saadc_pca10056/nrf_pwr_mgmt.o
 .rodata.str1.1
                0x00000000000045f8        0x4 Output/Release/Obj/saadc_pca10056/nrfx_ppi.o
 .rodata.str1.1
                0x00000000000045fc        0x4 Output/Release/Obj/saadc_pca10056/nrfx_prs.o
 .rodata.str1.1
                0x0000000000004600        0x6 Output/Release/Obj/saadc_pca10056/nrfx_saadc.o
 .rodata.str1.1
                0x0000000000004606        0x6 Output/Release/Obj/saadc_pca10056/nrfx_timer.o
 .rodata.str1.1
                0x000000000000460c        0x5 Output/Release/Obj/saadc_pca10056/nrfx_uart.o
 .rodata.str1.1
                0x0000000000004611        0x6 Output/Release/Obj/saadc_pca10056/nrfx_uarte.o
 .rodata.saadc_callback.str1.1
                0x0000000000004617       0x60 Output/Release/Obj/saadc_pca10056/main.o
 .rodata.main.str1.1
                0x0000000000004677       0x22 Output/Release/Obj/saadc_pca10056/main.o
 .rodata        0x0000000000004699       0x12 Output/Release/Obj/saadc_pca10056/main.o
 .rodata.default_config.8450
                0x00000000000046ab        0x4 Output/Release/Obj/saadc_pca10056/main.o
 *fill*         0x00000000000046af        0x1 
 .rodata.m_timer
                0x00000000000046b0        0x8 Output/Release/Obj/saadc_pca10056/main.o
 .rodata._DoInit.str1.1
                0x00000000000046b8       0x14 Output/Release/Obj/saadc_pca10056/SEGGER_RTT.o
 .rodata.libc.__RAL_find_locale.str1.4
                0x00000000000046cc        0xa C:/Program Files/SEGGER/SEGGER Embedded Studio for ARM 5.20a/lib/libc_v7em_fpv4_sp_d16_hard_t_le_eabi.a(libc2.o)
 *fill*         0x00000000000046d6        0x2 
 .rodata.libc.__RAL_ascii_ctype_map
                0x00000000000046d8       0x80 C:/Program Files/SEGGER/SEGGER Embedded Studio for ARM 5.20a/lib/libc_v7em_fpv4_sp_d16_hard_t_le_eabi.a(libc2.o)
                0x00000000000046d8                __RAL_ascii_ctype_map
 .rodata.libc.__RAL_ascii_ctype_mask
                0x0000000000004758        0xd C:/Program Files/SEGGER/SEGGER Embedded Studio for ARM 5.20a/lib/libc_v7em_fpv4_sp_d16_hard_t_le_eabi.a(libc2.o)
 *fill*         0x0000000000004765        0x3 
 .rodata.libc.__RAL_c_locale
                0x0000000000004768        0xc C:/Program Files/SEGGER/SEGGER Embedded Studio for ARM 5.20a/lib/libc_v7em_fpv4_sp_d16_hard_t_le_eabi.a(libc2.o)
                0x0000000000004768                __RAL_c_locale
 .rodata.libc.__RAL_c_locale_abbrev_day_names
                0x0000000000004774       0x1d C:/Program Files/SEGGER/SEGGER Embedded Studio for ARM 5.20a/lib/libc_v7em_fpv4_sp_d16_hard_t_le_eabi.a(libc2.o)
                0x0000000000004774                __RAL_c_locale_abbrev_day_names
 *fill*         0x0000000000004791        0x3 
 .rodata.libc.__RAL_c_locale_abbrev_month_names
                0x0000000000004794       0x31 C:/Program Files/SEGGER/SEGGER Embedded Studio for ARM 5.20a/lib/libc_v7em_fpv4_sp_d16_hard_t_le_eabi.a(libc2.o)
                0x0000000000004794                __RAL_c_locale_abbrev_month_names
 *fill*         0x00000000000047c5        0x3 
 .rodata.libc.__RAL_c_locale_am_pm_indicator
                0x00000000000047c8        0x7 C:/Program Files/SEGGER/SEGGER Embedded Studio for ARM 5.20a/lib/libc_v7em_fpv4_sp_d16_hard_t_le_eabi.a(libc2.o)
                0x00000000000047c8                __RAL_c_locale_am_pm_indicator
 *fill*         0x00000000000047cf        0x1 
 .rodata.libc.__RAL_c_locale_data
                0x00000000000047d0       0x58 C:/Program Files/SEGGER/SEGGER Embedded Studio for ARM 5.20a/lib/libc_v7em_fpv4_sp_d16_hard_t_le_eabi.a(libc2.o)
                0x00000000000047d0                __RAL_c_locale_data
 .rodata.libc.__RAL_c_locale_date_format
                0x0000000000004828        0x9 C:/Program Files/SEGGER/SEGGER Embedded Studio for ARM 5.20a/lib/libc_v7em_fpv4_sp_d16_hard_t_le_eabi.a(libc2.o)
                0x0000000000004828                __RAL_c_locale_date_format
 *fill*         0x0000000000004831        0x3 
 .rodata.libc.__RAL_c_locale_date_time_format
                0x0000000000004834        0xf C:/Program Files/SEGGER/SEGGER Embedded Studio for ARM 5.20a/lib/libc_v7em_fpv4_sp_d16_hard_t_le_eabi.a(libc2.o)
                0x0000000000004834                __RAL_c_locale_date_time_format
 *fill*         0x0000000000004843        0x1 
 .rodata.libc.__RAL_c_locale_day_names
                0x0000000000004844       0x3a C:/Program Files/SEGGER/SEGGER Embedded Studio for ARM 5.20a/lib/libc_v7em_fpv4_sp_d16_hard_t_le_eabi.a(libc2.o)
                0x0000000000004844                __RAL_c_locale_day_names
 *fill*         0x000000000000487e        0x2 
 .rodata.libc.__RAL_c_locale_month_names
                0x0000000000004880       0x57 C:/Program Files/SEGGER/SEGGER Embedded Studio for ARM 5.20a/lib/libc_v7em_fpv4_sp_d16_hard_t_le_eabi.a(libc2.o)
                0x0000000000004880                __RAL_c_locale_month_names
 *fill*         0x00000000000048d7        0x1 
 .rodata.libc.__RAL_c_locale_time_format
                0x00000000000048d8        0x9 C:/Program Files/SEGGER/SEGGER Embedded Studio for ARM 5.20a/lib/libc_v7em_fpv4_sp_d16_hard_t_le_eabi.a(libc2.o)
                0x00000000000048d8                __RAL_c_locale_time_format
 *fill*         0x00000000000048e1        0x3 
 .rodata.libc.__RAL_codeset_ascii
                0x00000000000048e4       0x20 C:/Program Files/SEGGER/SEGGER Embedded Studio for ARM 5.20a/lib/libc_v7em_fpv4_sp_d16_hard_t_le_eabi.a(libc2.o)
                0x00000000000048e4                __RAL_codeset_ascii
 .rodata.libc.__RAL_data_empty_string
                0x0000000000004904        0x1 C:/Program Files/SEGGER/SEGGER Embedded Studio for ARM 5.20a/lib/libc_v7em_fpv4_sp_d16_hard_t_le_eabi.a(libc2.o)
                0x0000000000004904                __RAL_data_empty_string
 *fill*         0x0000000000004905        0x3 
 .rodata.libc.__RAL_data_utf8_period
                0x0000000000004908        0x2 C:/Program Files/SEGGER/SEGGER Embedded Studio for ARM 5.20a/lib/libc_v7em_fpv4_sp_d16_hard_t_le_eabi.a(libc2.o)
                0x0000000000004908                __RAL_data_utf8_period
 *fill*         0x000000000000490a        0x2 
 .rodata.libc.__RAL_hex_lc
                0x000000000000490c       0x10 C:/Program Files/SEGGER/SEGGER Embedded Studio for ARM 5.20a/lib/libc_v7em_fpv4_sp_d16_hard_t_le_eabi.a(libc2.o)
                0x000000000000490c                __RAL_hex_lc
 .rodata.libc.__RAL_hex_uc
                0x000000000000491c       0x10 C:/Program Files/SEGGER/SEGGER Embedded Studio for ARM 5.20a/lib/libc_v7em_fpv4_sp_d16_hard_t_le_eabi.a(libc2.o)
                0x000000000000491c                __RAL_hex_uc
 .rodata.libc.__aeabi_EDOM
                0x000000000000492c        0x4 C:/Program Files/SEGGER/SEGGER Embedded Studio for ARM 5.20a/lib/libc_v7em_fpv4_sp_d16_hard_t_le_eabi.a(libc2.o)
                0x000000000000492c                __aeabi_EDOM
 .rodata.libc.powerf
                0x0000000000004930       0x18 C:/Program Files/SEGGER/SEGGER Embedded Studio for ARM 5.20a/lib/libc_v7em_fpv4_sp_d16_hard_t_le_eabi.a(libc2.o)
 .rodata.libc.__vfprintf_int.str1.4
                0x0000000000004948        0x7 C:/Program Files/SEGGER/SEGGER Embedded Studio for ARM 5.20a/lib/libc_v7em_fpv4_sp_d16_hard_t_le_eabi.a(libvfprintf.o)
 *fill*         0x000000000000494f        0x1 
 .rodata.libc.__vfprintf_float_long.str1.4
                0x0000000000004950       0x28 C:/Program Files/SEGGER/SEGGER Embedded Studio for ARM 5.20a/lib/libc_v7em_fpv4_sp_d16_hard_t_le_eabi.a(libvfprintf.o)
 .rodata.libc.ipow10
                0x0000000000004978       0xa0 C:/Program Files/SEGGER/SEGGER Embedded Studio for ARM 5.20a/lib/libc_v7em_fpv4_sp_d16_hard_t_le_eabi.a(libvfprintf.o)
                0x0000000000004a18                __rodata_end__ = (__rodata_start__ + SIZEOF (.rodata))
                0x0000000000000584                __rodata_size__ = SIZEOF (.rodata)
                0x0000000000004a18                __rodata_load_end__ = __rodata_end__

.rel.dyn        0x0000000000004a18        0x0
 .rel.iplt      0x0000000000004a18        0x0 Output/Release/Obj/saadc_pca10056/thumb_crt0.o
                0x0000000000000001                . = ASSERT (((__rodata_start__ == __rodata_end__) || ((__rodata_end__ - __FLASH_segment_start__) <= __FLASH_segment_size__)), error: .rodata is too large to fit in FLASH memory segment)
                0x0000000000004a18                __ARM.exidx_load_start__ = ALIGN (__rodata_end__, 0x4)

.ARM.exidx      0x0000000000004a18        0x0
                0x0000000000004a18                __ARM.exidx_start__ = .
                0x0000000000004a18                __exidx_start = __ARM.exidx_start__
 *(.ARM.exidx .ARM.exidx.*)
                0x0000000000004a18                __ARM.exidx_end__ = (__ARM.exidx_start__ + SIZEOF (.ARM.exidx))
                0x0000000000000000                __ARM.exidx_size__ = SIZEOF (.ARM.exidx)
                0x0000000000004a18                __exidx_end = __ARM.exidx_end__
                0x0000000000004a18                __ARM.exidx_load_end__ = __ARM.exidx_end__
                0x0000000000000001                . = ASSERT (((__ARM.exidx_start__ == __ARM.exidx_end__) || ((__ARM.exidx_end__ - __FLASH_segment_start__) <= __FLASH_segment_size__)), error: .ARM.exidx is too large to fit in FLASH memory segment)
                0x0000000000004a18                __fast_load_start__ = ALIGN (__ARM.exidx_end__, 0x4)

.fast           0x0000000020000000        0x0 load address 0x0000000000004a18
                0x0000000020000000                __fast_start__ = .
 *(.fast .fast.*)
                0x0000000020000000                __fast_end__ = (__fast_start__ + SIZEOF (.fast))
                0x0000000000000000                __fast_size__ = SIZEOF (.fast)
                0x0000000000004a18                __fast_load_end__ = (__fast_load_start__ + SIZEOF (.fast))
                0x0000000000000001                . = ASSERT (((__fast_load_start__ == __fast_load_end__) || ((__fast_load_end__ - __FLASH_segment_start__) <= __FLASH_segment_size__)), error: .fast is too large to fit in FLASH memory segment)

.fast_run       0x0000000020000000        0x0
                0x0000000020000000                __fast_run_start__ = .
                0x0000000020000000                . = MAX ((__fast_run_start__ + SIZEOF (.fast)), .)
                0x0000000020000000                __fast_run_end__ = (__fast_run_start__ + SIZEOF (.fast_run))
                0x0000000000000000                __fast_run_size__ = SIZEOF (.fast_run)
                0x0000000020000000                __fast_run_load_end__ = __fast_run_end__
                0x0000000000000001                . = ASSERT (((__fast_run_start__ == __fast_run_end__) || ((__fast_run_end__ - __RAM_segment_start__) <= __RAM_segment_size__)), error: .fast_run is too large to fit in RAM memory segment)
                0x0000000000004a18                __data_load_start__ = ALIGN ((__fast_load_start__ + SIZEOF (.fast)), 0x4)

.data           0x0000000020000000       0x34 load address 0x0000000000004a18
                0x0000000020000000                __data_start__ = .
 *(.data .data.* .gnu.linkonce.d.*)
 .data.m_uart   0x0000000020000000       0x14 Output/Release/Obj/saadc_pca10056/nrf_log_backend_uart.o
                0x0000000020000000                m_uart
 .data.log_backend_cb_uart_log_backend
                0x0000000020000014        0x8 Output/Release/Obj/saadc_pca10056/nrf_log_default_backends.o
 .data.SystemCoreClock
                0x000000002000001c        0x4 Output/Release/Obj/saadc_pca10056/system_nrf52840.o
                0x000000002000001c                SystemCoreClock
 .data.libc.__RAL_global_locale
                0x0000000020000020       0x14 C:/Program Files/SEGGER/SEGGER Embedded Studio for ARM 5.20a/lib/libc_v7em_fpv4_sp_d16_hard_t_le_eabi.a(libc2.o)
                0x0000000020000020                __RAL_global_locale
                0x0000000020000034                __data_end__ = (__data_start__ + SIZEOF (.data))
                0x0000000000000034                __data_size__ = SIZEOF (.data)
                0x0000000000004a4c                __data_load_end__ = (__data_load_start__ + SIZEOF (.data))

.igot.plt       0x0000000100000000        0x0
 .igot.plt      0x0000000100000000        0x0 Output/Release/Obj/saadc_pca10056/thumb_crt0.o
                0x0000000000000001                . = ASSERT (((__data_load_start__ == __data_load_end__) || ((__data_load_end__ - __FLASH_segment_start__) <= __FLASH_segment_size__)), error: .data is too large to fit in FLASH memory segment)

.data_run       0x0000000020000000       0x34 load address 0x0000000000004a18
                0x0000000020000000                __data_run_start__ = .
                0x0000000020000034                . = MAX ((__data_run_start__ + SIZEOF (.data)), .)
 *fill*         0x0000000020000000       0x34 
                0x0000000020000034                __data_run_end__ = (__data_run_start__ + SIZEOF (.data_run))
                0x0000000000000034                __data_run_size__ = SIZEOF (.data_run)
                0x0000000020000034                __data_run_load_end__ = __data_run_end__
                0x0000000000000001                . = ASSERT (((__data_run_start__ == __data_run_end__) || ((__data_run_end__ - __RAM_segment_start__) <= __RAM_segment_size__)), error: .data_run is too large to fit in RAM memory segment)
                0x0000000000004a4c                __tdata_load_start__ = ALIGN ((__data_load_start__ + SIZEOF (.data)), 0x4)

.tdata          0x0000000020000034        0x0 load address 0x0000000000004a4c
                0x0000000020000034                __tdata_start__ = .
 *(.tdata .tdata.*)
                0x0000000020000034                __tdata_end__ = (__tdata_start__ + SIZEOF (.tdata))
                0x0000000000000000                __tdata_size__ = SIZEOF (.tdata)
                0x0000000000004a4c                __tdata_load_end__ = (__tdata_load_start__ + SIZEOF (.tdata))
                0x0000000000004a4c                __FLASH_segment_used_end__ = (ALIGN ((__data_load_start__ + SIZEOF (.data)), 0x4) + SIZEOF (.tdata))
                0x0000000000004a4c                __FLASH_segment_used_size__ = (__FLASH_segment_used_end__ - __FLASH_segment_start__)
                0x0000000000000001                . = ASSERT (((__tdata_load_start__ == __tdata_load_end__) || ((__tdata_load_end__ - __FLASH_segment_start__) <= __FLASH_segment_size__)), error: .tdata is too large to fit in FLASH memory segment)

.tdata_run      0x0000000020000034        0x0
                0x0000000020000034                __tdata_run_start__ = .
                0x0000000020000034                . = MAX ((__tdata_run_start__ + SIZEOF (.tdata)), .)
                0x0000000020000034                __tdata_run_end__ = (__tdata_run_start__ + SIZEOF (.tdata_run))
                0x0000000000000000                __tdata_run_size__ = SIZEOF (.tdata_run)
                0x0000000020000034                __tdata_run_load_end__ = __tdata_run_end__
                0x0000000000000001                . = ASSERT (((__tdata_run_start__ == __tdata_run_end__) || ((__tdata_run_end__ - __RAM_segment_start__) <= __RAM_segment_size__)), error: .tdata_run is too large to fit in RAM memory segment)
                0x0000000020000034                __bss_load_start__ = ALIGN (__tdata_run_end__, 0x4)

.bss            0x0000000020000034      0x92c
                0x0000000020000034                __bss_start__ = .
 *(.bss .bss.* .gnu.linkonce.b.*)
 .bss.m_async_mode
                0x0000000020000034        0x1 Output/Release/Obj/saadc_pca10056/nrf_log_backend_uart.o
 .bss.m_string_buff
                0x0000000020000035       0x40 Output/Release/Obj/saadc_pca10056/nrf_log_backend_uart.o
 .bss.m_xfer_done
                0x0000000020000075        0x1 Output/Release/Obj/saadc_pca10056/nrf_log_backend_uart.o
 *fill*         0x0000000020000076        0x2 
 .bss.log_mempool_nrf_balloc_cb
                0x0000000020000078        0x8 Output/Release/Obj/saadc_pca10056/nrf_log_frontend.o
 .bss.log_mempool_nrf_balloc_pool_mem
                0x0000000020000080       0xc0 Output/Release/Obj/saadc_pca10056/nrf_log_frontend.o
 .bss.log_mempool_nrf_balloc_pool_stack
                0x0000000020000140        0x8 Output/Release/Obj/saadc_pca10056/nrf_log_frontend.o
 .bss.m_log_data
                0x0000000020000148      0x424 Output/Release/Obj/saadc_pca10056/nrf_log_frontend.o
 .bss.m_log_push_ringbuf_buf
                0x000000002000056c       0x80 Output/Release/Obj/saadc_pca10056/nrf_log_frontend.o
 .bss.m_log_push_ringbuf_cb
                0x00000000200005ec       0x18 Output/Release/Obj/saadc_pca10056/nrf_log_frontend.o
 .bss.m_in_critical_region
                0x0000000020000604        0x4 Output/Release/Obj/saadc_pca10056/app_util_platform.o
 .bss.m_handlers_iter
                0x0000000020000608        0x8 Output/Release/Obj/saadc_pca10056/nrf_pwr_mgmt.o
 .bss.m_shutdown_started
                0x0000000020000610        0x1 Output/Release/Obj/saadc_pca10056/nrf_pwr_mgmt.o
 *fill*         0x0000000020000611        0x3 
 .bss.m_sysoff_mtx
                0x0000000020000614        0x4 Output/Release/Obj/saadc_pca10056/nrf_pwr_mgmt.o
 .bss.m_drv_state
                0x0000000020000618        0x1 Output/Release/Obj/saadc_pca10056/nrf_drv_ppi.o
 *fill*         0x0000000020000619        0x3 
 .bss.m_contexts
                0x000000002000061c        0x8 Output/Release/Obj/saadc_pca10056/nrf_drv_uart.o
 .bss.m_handlers
                0x0000000020000624        0x8 Output/Release/Obj/saadc_pca10056/nrf_drv_uart.o
 .bss.nrf_drv_uart_use_easy_dma
                0x000000002000062c        0x2 Output/Release/Obj/saadc_pca10056/nrf_drv_uart.o
                0x000000002000062c                nrf_drv_uart_use_easy_dma
 *fill*         0x000000002000062e        0x2 
 .bss.m_channels_allocated
                0x0000000020000630        0x4 Output/Release/Obj/saadc_pca10056/nrfx_ppi.o
 .bss.m_prs_box_4
                0x0000000020000634        0x8 Output/Release/Obj/saadc_pca10056/nrfx_prs.o
 .bss.m_cb      0x000000002000063c       0x30 Output/Release/Obj/saadc_pca10056/nrfx_saadc.o
 .bss.m_cb      0x000000002000066c        0xc Output/Release/Obj/saadc_pca10056/nrfx_timer.o
 .bss.m_cb      0x0000000020000678       0x2c Output/Release/Obj/saadc_pca10056/nrfx_uart.o
 .bss.m_cb      0x00000000200006a4       0x24 Output/Release/Obj/saadc_pca10056/nrfx_uarte.o
 .bss.m_buffer_pool
                0x00000000200006c8        0x8 Output/Release/Obj/saadc_pca10056/main.o
 .bss.m_ppi_channel
                0x00000000200006d0        0x1 Output/Release/Obj/saadc_pca10056/main.o
 *fill*         0x00000000200006d1        0x3 
 .bss._SEGGER_RTT
                0x00000000200006d4       0x78 Output/Release/Obj/saadc_pca10056/SEGGER_RTT.o
                0x00000000200006d4                _SEGGER_RTT
 .bss._acDownBuffer
                0x000000002000074c       0x10 Output/Release/Obj/saadc_pca10056/SEGGER_RTT.o
 .bss._acUpBuffer
                0x000000002000075c      0x200 Output/Release/Obj/saadc_pca10056/SEGGER_RTT.o
 .bss.libc.__user_format_extender
                0x000000002000095c        0x4 C:/Program Files/SEGGER/SEGGER Embedded Studio for ARM 5.20a/lib/libc_v7em_fpv4_sp_d16_hard_t_le_eabi.a(libc2.o)
                0x000000002000095c                __user_format_extender
 *(COMMON)
                0x0000000020000960                __bss_end__ = (__bss_start__ + SIZEOF (.bss))
                0x000000000000092c                __bss_size__ = SIZEOF (.bss)
                0x0000000020000960                __bss_load_end__ = __bss_end__
                0x0000000000000001                . = ASSERT (((__bss_start__ == __bss_end__) || ((__bss_end__ - __RAM_segment_start__) <= __RAM_segment_size__)), error: .bss is too large to fit in RAM memory segment)
                0x0000000020000960                __tbss_load_start__ = ALIGN (__bss_end__, 0x4)

.tbss           0x0000000020000960        0x4
                0x0000000020000960                __tbss_start__ = .
 *(.tbss .tbss.*)
 .tbss.errno_val
                0x0000000020000960        0x4 C:/Program Files/SEGGER/SEGGER Embedded Studio for ARM 5.20a/lib/libc_v7em_fpv4_sp_d16_hard_t_le_eabi.a(libc2.o)
                0x0000000020000964                __tbss_end__ = (__tbss_start__ + SIZEOF (.tbss))
                0x0000000000000004                __tbss_size__ = SIZEOF (.tbss)
                0x0000000020000964                __tbss_load_end__ = __tbss_end__
                0x0000000000000001                . = ASSERT (((__tbss_start__ == __tbss_end__) || ((__tbss_end__ - __RAM_segment_start__) <= __RAM_segment_size__)), error: .tbss is too large to fit in RAM memory segment)
                0x0000000020000964                __non_init_load_start__ = ALIGN (__tbss_end__, 0x4)

.non_init       0x0000000020000964        0x0
                0x0000000020000964                __non_init_start__ = .
 *(.non_init .non_init.*)
                0x0000000020000964                __non_init_end__ = (__non_init_start__ + SIZEOF (.non_init))
                0x0000000000000000                __non_init_size__ = SIZEOF (.non_init)
                0x0000000020000964                __non_init_load_end__ = __non_init_end__
                0x0000000000000001                . = ASSERT (((__non_init_start__ == __non_init_end__) || ((__non_init_end__ - __RAM_segment_start__) <= __RAM_segment_size__)), error: .non_init is too large to fit in RAM memory segment)
                0x0000000020000964                __heap_load_start__ = ALIGN (__non_init_end__, 0x4)

.heap           0x0000000020000964     0x2000
                0x0000000020000964                __heap_start__ = .
 *(.heap .heap.*)
                0x0000000020002964                . = ALIGN (MAX ((__heap_start__ + __HEAPSIZE__), .), 0x4)
 *fill*         0x0000000020000964     0x2000 
                0x0000000020002964                __heap_end__ = (__heap_start__ + SIZEOF (.heap))
                0x0000000000002000                __heap_size__ = SIZEOF (.heap)
                0x0000000020002964                __heap_load_end__ = __heap_end__
                0x0000000000000001                . = ASSERT (((__heap_start__ == __heap_end__) || ((__heap_end__ - __RAM_segment_start__) <= __RAM_segment_size__)), error: .heap is too large to fit in RAM memory segment)
                0x000000002003e000                __stack_load_start__ = (__RAM_segment_start__ + (__RAM_segment_size__ - 0x2000))

.stack          0x000000002003e000     0x2000
                0x000000002003e000                __stack_start__ = .
                0x000000002003e000                __StackLimit = __stack_start__
 *(.stack .stack.*)
                0x0000000020040000                . = ALIGN (MAX ((__stack_start__ + __STACKSIZE__), .), 0x8)
 *fill*         0x000000002003e000     0x2000 
                0x0000000020040000                __stack_end__ = (__stack_start__ + SIZEOF (.stack))
                0x0000000000002000                __stack_size__ = SIZEOF (.stack)
                0x0000000020040000                __StackTop = __stack_end__
                0x0000000020040000                __stack_load_end__ = __stack_end__
                0x0000000000000001                . = ASSERT (((__stack_start__ == __stack_end__) || ((__stack_end__ - __RAM_segment_start__) <= __RAM_segment_size__)), error: .stack is too large to fit in RAM memory segment)
                0x0000000000000001                . = ASSERT ((__heap_end__ <= __stack_start__), error: section .heap overlaps absolute placed section .stack)
                0x0000000020040000                __stack_process_load_start__ = ALIGN (__stack_end__, 0x8)

.stack_process  0x0000000020040000        0x0
                0x0000000020040000                __stack_process_start__ = .
 *(.stack_process .stack_process.*)
                0x0000000020040000                . = ALIGN (MAX ((__stack_process_start__ + __STACKSIZE_PROCESS__), .), 0x8)
                0x0000000020040000                __stack_process_end__ = (__stack_process_start__ + SIZEOF (.stack_process))
                0x0000000000000000                __stack_process_size__ = SIZEOF (.stack_process)
                0x0000000020040000                __stack_process_load_end__ = __stack_process_end__
                0x0000000020040000                __RAM_segment_used_end__ = (ALIGN (__stack_end__, 0x8) + SIZEOF (.stack_process))
                0x0000000000040000                __RAM_segment_used_size__ = (__RAM_segment_used_end__ - __RAM_segment_start__)
                0x0000000000000001                . = ASSERT (((__stack_process_start__ == __stack_process_end__) || ((__stack_process_end__ - __RAM_segment_start__) <= __RAM_segment_size__)), error: .stack_process is too large to fit in RAM memory segment)
START GROUP
LOAD Output/Release/Obj/saadc_pca10056/thumb_crt0.o
LOAD Output/Release/Obj/saadc_pca10056/nrf_log_backend_rtt.o
LOAD Output/Release/Obj/saadc_pca10056/nrf_log_backend_serial.o
LOAD Output/Release/Obj/saadc_pca10056/nrf_log_backend_uart.o
LOAD Output/Release/Obj/saadc_pca10056/nrf_log_default_backends.o
LOAD Output/Release/Obj/saadc_pca10056/nrf_log_frontend.o
LOAD Output/Release/Obj/saadc_pca10056/nrf_log_str_formatter.o
LOAD Output/Release/Obj/saadc_pca10056/boards.o
LOAD Output/Release/Obj/saadc_pca10056/app_error.o
LOAD Output/Release/Obj/saadc_pca10056/app_error_handler_gcc.o
LOAD Output/Release/Obj/saadc_pca10056/app_error_weak.o
LOAD Output/Release/Obj/saadc_pca10056/app_util_platform.o
LOAD Output/Release/Obj/saadc_pca10056/nrf_assert.o
LOAD Output/Release/Obj/saadc_pca10056/nrf_atomic.o
LOAD Output/Release/Obj/saadc_pca10056/nrf_balloc.o
LOAD Output/Release/Obj/saadc_pca10056/nrf_fprintf.o
LOAD Output/Release/Obj/saadc_pca10056/nrf_fprintf_format.o
LOAD Output/Release/Obj/saadc_pca10056/nrf_memobj.o
LOAD Output/Release/Obj/saadc_pca10056/nrf_pwr_mgmt.o
LOAD Output/Release/Obj/saadc_pca10056/nrf_ringbuf.o
LOAD Output/Release/Obj/saadc_pca10056/nrf_section_iter.o
LOAD Output/Release/Obj/saadc_pca10056/nrf_strerror.o
LOAD Output/Release/Obj/saadc_pca10056/nrf_drv_ppi.o
LOAD Output/Release/Obj/saadc_pca10056/nrf_drv_uart.o
LOAD Output/Release/Obj/saadc_pca10056/nrfx_atomic.o
LOAD Output/Release/Obj/saadc_pca10056/nrfx_ppi.o
LOAD Output/Release/Obj/saadc_pca10056/nrfx_prs.o
LOAD Output/Release/Obj/saadc_pca10056/nrfx_saadc.o
LOAD Output/Release/Obj/saadc_pca10056/nrfx_timer.o
LOAD Output/Release/Obj/saadc_pca10056/nrfx_uart.o
LOAD Output/Release/Obj/saadc_pca10056/nrfx_uarte.o
LOAD Output/Release/Obj/saadc_pca10056/main.o
LOAD Output/Release/Obj/saadc_pca10056/SEGGER_RTT.o
LOAD Output/Release/Obj/saadc_pca10056/SEGGER_RTT_Syscalls_SES.o
LOAD Output/Release/Obj/saadc_pca10056/SEGGER_RTT_printf.o
LOAD Output/Release/Obj/saadc_pca10056/ses_startup_nrf52840.o
LOAD Output/Release/Obj/saadc_pca10056/ses_startup_nrf_common.o
LOAD Output/Release/Obj/saadc_pca10056/system_nrf52840.o
LOAD C:/Program Files/SEGGER/SEGGER Embedded Studio for ARM 5.20a/lib/libm_v7em_fpv4_sp_d16_hard_t_le_eabi.a
LOAD C:/Program Files/SEGGER/SEGGER Embedded Studio for ARM 5.20a/lib/libc_v7em_fpv4_sp_d16_hard_t_le_eabi.a
LOAD C:/Program Files/SEGGER/SEGGER Embedded Studio for ARM 5.20a/lib/libdebugio_v7em_fpv4_sp_d16_hard_t_le_eabi.a
END GROUP
OUTPUT(Output/Release/Exe/saadc_pca10056.elf elf32-littlearm)
LOAD linker stubs

.ARM.attributes
                0x0000000000000000       0x35
 .ARM.attributes
                0x0000000000000000       0x25 Output/Release/Obj/saadc_pca10056/thumb_crt0.o
 .ARM.attributes
                0x0000000000000025       0x39 Output/Release/Obj/saadc_pca10056/nrf_log_backend_serial.o
 .ARM.attributes
                0x000000000000005e       0x39 Output/Release/Obj/saadc_pca10056/nrf_log_backend_uart.o
 .ARM.attributes
                0x0000000000000097       0x39 Output/Release/Obj/saadc_pca10056/nrf_log_default_backends.o
 .ARM.attributes
                0x00000000000000d0       0x39 Output/Release/Obj/saadc_pca10056/nrf_log_frontend.o
 .ARM.attributes
                0x0000000000000109       0x39 Output/Release/Obj/saadc_pca10056/nrf_log_str_formatter.o
 .ARM.attributes
                0x0000000000000142       0x39 Output/Release/Obj/saadc_pca10056/app_error.o
 .ARM.attributes
                0x000000000000017b       0x39 Output/Release/Obj/saadc_pca10056/app_error_weak.o
 .ARM.attributes
                0x00000000000001b4       0x39 Output/Release/Obj/saadc_pca10056/app_util_platform.o
 .ARM.attributes
                0x00000000000001ed       0x39 Output/Release/Obj/saadc_pca10056/nrf_atomic.o
 .ARM.attributes
                0x0000000000000226       0x39 Output/Release/Obj/saadc_pca10056/nrf_balloc.o
 .ARM.attributes
                0x000000000000025f       0x39 Output/Release/Obj/saadc_pca10056/nrf_fprintf.o
 .ARM.attributes
                0x0000000000000298       0x39 Output/Release/Obj/saadc_pca10056/nrf_fprintf_format.o
 .ARM.attributes
                0x00000000000002d1       0x39 Output/Release/Obj/saadc_pca10056/nrf_memobj.o
 .ARM.attributes
                0x000000000000030a       0x39 Output/Release/Obj/saadc_pca10056/nrf_pwr_mgmt.o
 .ARM.attributes
                0x0000000000000343       0x39 Output/Release/Obj/saadc_pca10056/nrf_ringbuf.o
 .ARM.attributes
                0x000000000000037c       0x39 Output/Release/Obj/saadc_pca10056/nrf_section_iter.o
 .ARM.attributes
                0x00000000000003b5       0x39 Output/Release/Obj/saadc_pca10056/nrf_drv_ppi.o
 .ARM.attributes
                0x00000000000003ee       0x39 Output/Release/Obj/saadc_pca10056/nrf_drv_uart.o
 .ARM.attributes
                0x0000000000000427       0x39 Output/Release/Obj/saadc_pca10056/nrfx_ppi.o
 .ARM.attributes
                0x0000000000000460       0x39 Output/Release/Obj/saadc_pca10056/nrfx_prs.o
 .ARM.attributes
                0x0000000000000499       0x39 Output/Release/Obj/saadc_pca10056/nrfx_saadc.o
 .ARM.attributes
                0x00000000000004d2       0x39 Output/Release/Obj/saadc_pca10056/nrfx_timer.o
 .ARM.attributes
                0x000000000000050b       0x39 Output/Release/Obj/saadc_pca10056/nrfx_uart.o
 .ARM.attributes
                0x0000000000000544       0x39 Output/Release/Obj/saadc_pca10056/nrfx_uarte.o
 .ARM.attributes
                0x000000000000057d       0x39 Output/Release/Obj/saadc_pca10056/main.o
 .ARM.attributes
                0x00000000000005b6       0x39 Output/Release/Obj/saadc_pca10056/SEGGER_RTT.o
 .ARM.attributes
                0x00000000000005ef       0x39 Output/Release/Obj/saadc_pca10056/SEGGER_RTT_Syscalls_SES.o
 .ARM.attributes
                0x0000000000000628       0x25 Output/Release/Obj/saadc_pca10056/ses_startup_nrf52840.o
 .ARM.attributes
                0x000000000000064d       0x25 Output/Release/Obj/saadc_pca10056/ses_startup_nrf_common.o
 .ARM.attributes
                0x0000000000000672       0x39 Output/Release/Obj/saadc_pca10056/system_nrf52840.o
 .ARM.attributes
                0x00000000000006ab       0x20 C:/Program Files/SEGGER/SEGGER Embedded Studio for ARM 5.20a/lib/libm_v7em_fpv4_sp_d16_hard_t_le_eabi.a(libm_asm.o)
 .ARM.attributes
                0x00000000000006cb       0x34 C:/Program Files/SEGGER/SEGGER Embedded Studio for ARM 5.20a/lib/libc_v7em_fpv4_sp_d16_hard_t_le_eabi.a(libc2.o)
 .ARM.attributes
                0x00000000000006ff       0x20 C:/Program Files/SEGGER/SEGGER Embedded Studio for ARM 5.20a/lib/libc_v7em_fpv4_sp_d16_hard_t_le_eabi.a(libc2_asm.o)
 .ARM.attributes
                0x000000000000071f       0x34 C:/Program Files/SEGGER/SEGGER Embedded Studio for ARM 5.20a/lib/libc_v7em_fpv4_sp_d16_hard_t_le_eabi.a(libvfprintf.o)
 .ARM.attributes
                0x0000000000000753       0x34 C:/Program Files/SEGGER/SEGGER Embedded Studio for ARM 5.20a/lib/libm_v7em_fpv4_sp_d16_hard_t_le_eabi.a(libm2.o)

.comment        0x0000000000000000       0x24
 .comment       0x0000000000000000       0x24 Output/Release/Obj/saadc_pca10056/nrf_log_backend_serial.o
                                         0x25 (size before relaxing)
 .comment       0x0000000000000024       0x25 Output/Release/Obj/saadc_pca10056/nrf_log_backend_uart.o
 .comment       0x0000000000000024       0x25 Output/Release/Obj/saadc_pca10056/nrf_log_default_backends.o
 .comment       0x0000000000000024       0x25 Output/Release/Obj/saadc_pca10056/nrf_log_frontend.o
 .comment       0x0000000000000024       0x25 Output/Release/Obj/saadc_pca10056/nrf_log_str_formatter.o
 .comment       0x0000000000000024       0x25 Output/Release/Obj/saadc_pca10056/app_error.o
 .comment       0x0000000000000024       0x25 Output/Release/Obj/saadc_pca10056/app_error_weak.o
 .comment       0x0000000000000024       0x25 Output/Release/Obj/saadc_pca10056/app_util_platform.o
 .comment       0x0000000000000024       0x25 Output/Release/Obj/saadc_pca10056/nrf_atomic.o
 .comment       0x0000000000000024       0x25 Output/Release/Obj/saadc_pca10056/nrf_balloc.o
 .comment       0x0000000000000024       0x25 Output/Release/Obj/saadc_pca10056/nrf_fprintf.o
 .comment       0x0000000000000024       0x25 Output/Release/Obj/saadc_pca10056/nrf_fprintf_format.o
 .comment       0x0000000000000024       0x25 Output/Release/Obj/saadc_pca10056/nrf_memobj.o
 .comment       0x0000000000000024       0x25 Output/Release/Obj/saadc_pca10056/nrf_pwr_mgmt.o
 .comment       0x0000000000000024       0x25 Output/Release/Obj/saadc_pca10056/nrf_ringbuf.o
 .comment       0x0000000000000024       0x25 Output/Release/Obj/saadc_pca10056/nrf_section_iter.o
 .comment       0x0000000000000024       0x25 Output/Release/Obj/saadc_pca10056/nrf_drv_ppi.o
 .comment       0x0000000000000024       0x25 Output/Release/Obj/saadc_pca10056/nrf_drv_uart.o
 .comment       0x0000000000000024       0x25 Output/Release/Obj/saadc_pca10056/nrfx_ppi.o
 .comment       0x0000000000000024       0x25 Output/Release/Obj/saadc_pca10056/nrfx_prs.o
 .comment       0x0000000000000024       0x25 Output/Release/Obj/saadc_pca10056/nrfx_saadc.o
 .comment       0x0000000000000024       0x25 Output/Release/Obj/saadc_pca10056/nrfx_timer.o
 .comment       0x0000000000000024       0x25 Output/Release/Obj/saadc_pca10056/nrfx_uart.o
 .comment       0x0000000000000024       0x25 Output/Release/Obj/saadc_pca10056/nrfx_uarte.o
 .comment       0x0000000000000024       0x25 Output/Release/Obj/saadc_pca10056/main.o
 .comment       0x0000000000000024       0x25 Output/Release/Obj/saadc_pca10056/SEGGER_RTT.o
 .comment       0x0000000000000024       0x25 Output/Release/Obj/saadc_pca10056/SEGGER_RTT_Syscalls_SES.o
 .comment       0x0000000000000024       0x25 Output/Release/Obj/saadc_pca10056/system_nrf52840.o
 .comment       0x0000000000000024       0x25 C:/Program Files/SEGGER/SEGGER Embedded Studio for ARM 5.20a/lib/libc_v7em_fpv4_sp_d16_hard_t_le_eabi.a(libc2.o)
 .comment       0x0000000000000024       0x25 C:/Program Files/SEGGER/SEGGER Embedded Studio for ARM 5.20a/lib/libc_v7em_fpv4_sp_d16_hard_t_le_eabi.a(libvfprintf.o)
 .comment       0x0000000000000024       0x25 C:/Program Files/SEGGER/SEGGER Embedded Studio for ARM 5.20a/lib/libm_v7em_fpv4_sp_d16_hard_t_le_eabi.a(libm2.o)

.debug_line     0x0000000000000000    0x11c60
 .debug_line    0x0000000000000000      0x21e Output/Release/Obj/saadc_pca10056/thumb_crt0.o
 .debug_line    0x000000000000021e      0x6ce Output/Release/Obj/saadc_pca10056/nrf_log_backend_serial.o
 .debug_line    0x00000000000008ec      0x97a Output/Release/Obj/saadc_pca10056/nrf_log_backend_uart.o
 .debug_line    0x0000000000001266      0x5c5 Output/Release/Obj/saadc_pca10056/nrf_log_default_backends.o
 .debug_line    0x000000000000182b     0x12b4 Output/Release/Obj/saadc_pca10056/nrf_log_frontend.o
 .debug_line    0x0000000000002adf      0x7df Output/Release/Obj/saadc_pca10056/nrf_log_str_formatter.o
 .debug_line    0x00000000000032be      0x3be Output/Release/Obj/saadc_pca10056/app_error.o
 .debug_line    0x000000000000367c      0x6f3 Output/Release/Obj/saadc_pca10056/app_error_weak.o
 .debug_line    0x0000000000003d6f      0x43c Output/Release/Obj/saadc_pca10056/app_util_platform.o
 .debug_line    0x00000000000041ab      0x6a6 Output/Release/Obj/saadc_pca10056/nrf_atomic.o
 .debug_line    0x0000000000004851      0x6b1 Output/Release/Obj/saadc_pca10056/nrf_balloc.o
 .debug_line    0x0000000000004f02      0x3e2 Output/Release/Obj/saadc_pca10056/nrf_fprintf.o
 .debug_line    0x00000000000052e4      0x840 Output/Release/Obj/saadc_pca10056/nrf_fprintf_format.o
 .debug_line    0x0000000000005b24      0x7f6 Output/Release/Obj/saadc_pca10056/nrf_memobj.o
 .debug_line    0x000000000000631a      0xbd0 Output/Release/Obj/saadc_pca10056/nrf_pwr_mgmt.o
 .debug_line    0x0000000000006eea      0x762 Output/Release/Obj/saadc_pca10056/nrf_ringbuf.o
 .debug_line    0x000000000000764c      0x404 Output/Release/Obj/saadc_pca10056/nrf_section_iter.o
 .debug_line    0x0000000000007a50      0x5c4 Output/Release/Obj/saadc_pca10056/nrf_drv_ppi.o
 .debug_line    0x0000000000008014      0x68d Output/Release/Obj/saadc_pca10056/nrf_drv_uart.o
 .debug_line    0x00000000000086a1      0xfa8 Output/Release/Obj/saadc_pca10056/nrfx_ppi.o
 .debug_line    0x0000000000009649      0x73d Output/Release/Obj/saadc_pca10056/nrfx_prs.o
 .debug_line    0x0000000000009d86     0x175c Output/Release/Obj/saadc_pca10056/nrfx_saadc.o
 .debug_line    0x000000000000b4e2      0xefa Output/Release/Obj/saadc_pca10056/nrfx_timer.o
 .debug_line    0x000000000000c3dc     0x1764 Output/Release/Obj/saadc_pca10056/nrfx_uart.o
 .debug_line    0x000000000000db40     0x1572 Output/Release/Obj/saadc_pca10056/nrfx_uarte.o
 .debug_line    0x000000000000f0b2      0xed1 Output/Release/Obj/saadc_pca10056/main.o
 .debug_line    0x000000000000ff83     0x122c Output/Release/Obj/saadc_pca10056/SEGGER_RTT.o
 .debug_line    0x00000000000111af      0x457 Output/Release/Obj/saadc_pca10056/SEGGER_RTT_Syscalls_SES.o
 .debug_line    0x0000000000011606       0x95 Output/Release/Obj/saadc_pca10056/ses_startup_nrf52840.o